Archive member included because of file (symbol)

/home/megazig/devkitpro/libogc/lib/wii/libwiiuse.a(wpad.o)
                              main.o (WPAD_SetPowerButtonCallback)
/home/megazig/devkitpro/libogc/lib/wii/libwiiuse.a(motion_plus.o)
                              /home/megazig/devkitpro/libogc/lib/wii/libwiiuse.a(wpad.o) (wiiuse_set_motion_plus)
/home/megazig/devkitpro/libogc/lib/wii/libwiiuse.a(dynamics.o)
                              /home/megazig/devkitpro/libogc/lib/wii/libwiiuse.a(wpad.o) (calculate_gforce)
/home/megazig/devkitpro/libogc/lib/wii/libwiiuse.a(io.o)
                              /home/megazig/devkitpro/libogc/lib/wii/libwiiuse.a(motion_plus.o) (wiiuse_disable_expansion)
/home/megazig/devkitpro/libogc/lib/wii/libwiiuse.a(io_wii.o)
                              /home/megazig/devkitpro/libogc/lib/wii/libwiiuse.a(wpad.o) (wiiuse_disconnect)
/home/megazig/devkitpro/libogc/lib/wii/libwiiuse.a(ir.o)
                              /home/megazig/devkitpro/libogc/lib/wii/libwiiuse.a(wpad.o) (wiiuse_set_ir_vres)
/home/megazig/devkitpro/libogc/lib/wii/libwiiuse.a(nunchuk.o)
                              /home/megazig/devkitpro/libogc/lib/wii/libwiiuse.a(io.o) (nunchuk_disconnected)
/home/megazig/devkitpro/libogc/lib/wii/libwiiuse.a(wiiboard.o)
                              /home/megazig/devkitpro/libogc/lib/wii/libwiiuse.a(io.o) (wii_board_disconnected)
/home/megazig/devkitpro/libogc/lib/wii/libwiiuse.a(wiiuse.o)
                              /home/megazig/devkitpro/libogc/lib/wii/libwiiuse.a(wpad.o) (wiiuse_set_flags)
/home/megazig/devkitpro/libogc/lib/wii/libwiiuse.a(speaker.o)
                              /home/megazig/devkitpro/libogc/lib/wii/libwiiuse.a(wpad.o) (wencdata)
/home/megazig/devkitpro/libogc/lib/wii/libwiiuse.a(classic.o)
                              /home/megazig/devkitpro/libogc/lib/wii/libwiiuse.a(io.o) (classic_ctrl_disconnected)
/home/megazig/devkitpro/libogc/lib/wii/libwiiuse.a(events.o)
                              /home/megazig/devkitpro/libogc/lib/wii/libwiiuse.a(io_wii.o) (parse_event)
/home/megazig/devkitpro/libogc/lib/wii/libwiiuse.a(guitar_hero_3.o)
                              /home/megazig/devkitpro/libogc/lib/wii/libwiiuse.a(io.o) (guitar_hero_3_handshake)
/home/megazig/devkitpro/libogc/lib/wii/libusync.a(usync.o)
                              main.o (uSyncInit)
/home/megazig/devkitpro/libogc/lib/wii/libelm.a(libelm.o)
                              main.o (ELM_GetMountError)
/home/megazig/devkitpro/libogc/lib/wii/libelm.a(ff.o)
                              /home/megazig/devkitpro/libogc/lib/wii/libelm.a(libelm.o) (f_mount)
/home/megazig/devkitpro/libogc/lib/wii/libelm.a(syncobj.o)
                              /home/megazig/devkitpro/libogc/lib/wii/libelm.a(ff.o) (ff_cre_syncobj)
/home/megazig/devkitpro/libogc/lib/wii/libelm.a(unicode.o)
                              /home/megazig/devkitpro/libogc/lib/wii/libelm.a(ff.o) (ff_convert)
/home/megazig/devkitpro/libogc/lib/wii/libelm.a(wiidiskio.o)
                              /home/megazig/devkitpro/libogc/lib/wii/libelm.a(ff.o) (disk_initialize)
/home/megazig/devkitpro/libogc/lib/wii/libbte.a(bte.o)
                              /home/megazig/devkitpro/libogc/lib/wii/libwiiuse.a(io_wii.o) (bte_arg)
/home/megazig/devkitpro/libogc/lib/wii/libbte.a(hci.o)
                              /home/megazig/devkitpro/libogc/lib/wii/libbte.a(bte.o) (hci_arg)
/home/megazig/devkitpro/libogc/lib/wii/libbte.a(l2cap.o)
                              /home/megazig/devkitpro/libogc/lib/wii/libbte.a(hci.o) (lp_connect_ind)
/home/megazig/devkitpro/libogc/lib/wii/libbte.a(btmemb.o)
                              /home/megazig/devkitpro/libogc/lib/wii/libbte.a(bte.o) (btmemb_alloc)
/home/megazig/devkitpro/libogc/lib/wii/libbte.a(btmemr.o)
                              /home/megazig/devkitpro/libogc/lib/wii/libbte.a(hci.o) (btmemr_init)
/home/megazig/devkitpro/libogc/lib/wii/libbte.a(btpbuf.o)
                              /home/megazig/devkitpro/libogc/lib/wii/libbte.a(hci.o) (btpbuf_header)
/home/megazig/devkitpro/libogc/lib/wii/libbte.a(physbusif.o)
                              /home/megazig/devkitpro/libogc/lib/wii/libbte.a(bte.o) (physbusif_close)
/home/megazig/devkitpro/libogc/lib/wii/libogc.a(console.o)
                              main.o (CON_Init)
/home/megazig/devkitpro/libogc/lib/wii/libogc.a(lwp_queue.o)
                              /home/megazig/devkitpro/libogc/lib/wii/libwiiuse.a(io_wii.o) (__lwp_queue_initialize)
/home/megazig/devkitpro/libogc/lib/wii/libogc.a(lwp_threads.o)
                              /home/megazig/devkitpro/libogc/lib/wii/libwiiuse.a(wpad.o) (_thread_dispatch_disable_level)
/home/megazig/devkitpro/libogc/lib/wii/libogc.a(lwp.o)
                              /home/megazig/devkitpro/libogc/lib/wii/libbte.a(bte.o) (LWP_ThreadSignal)
/home/megazig/devkitpro/libogc/lib/wii/libogc.a(lwp_handler.o)
[...]
Memory Configuration

Name             Origin             Length             Attributes
*default*        0x00000000         0xffffffff

Linker script and memory map

                0x00003400                . = 0x3400

.stub
 *(.stub)
                0x80004000                . = 0x80004000

.init           0x80004000      0x20c
 *crt0.o(*.init)
 .init          0x80004000      0x1e8 /home/megazig/devkitpro/libogc/lib/wii/libogc.a(ogc_crt0.o)
                0x800041a0                _memset
                0x80004000                _start
                0x800041d0                video_line
 *(.init)
 .init          0x800041e8        0xc /home/megazig/devkitpro/devkitPPC/bin/../lib/gcc/powerpc-gekko/4.2.4/ecrti.o
                0x800041e8                __init
 .init          0x800041f4        0x4 /home/megazig/devkitpro/devkitPPC/bin/../lib/gcc/powerpc-gekko/4.2.4/crtbegin.o
 .init          0x800041f8        0x4 /home/megazig/devkitpro/devkitPPC/bin/../lib/gcc/powerpc-gekko/4.2.4/crtend.o
 .init          0x800041fc       0x10 /home/megazig/devkitpro/devkitPPC/bin/../lib/gcc/powerpc-gekko/4.2.4/ecrtn.o

.plt
 *(.plt)

.interp
 *(.interp)

.hash
 *(.hash)

.dynsym
 *(.dynsym)

.dynstr
 *(.dynstr)

.gnu.version
 *(.gnu.version)

.gnu.version_d
 *(.gnu.version_d)

.gnu.version_r
 *(.gnu.version_r)

.rel.init
 *(.rel.init)

.rela.init      0x8000420c        0x0
 *(.rela.init)
 .rela.init     0x00000000        0x0 /home/megazig/devkitpro/devkitPPC/bin/../lib/gcc/powerpc-gekko/4.2.4/crtbegin.o

.rel.text
 *(.rel.text .rel.text.* .rel.gnu.linkonce.t.*)

.rela.text      0x8000420c        0x0
 *(.rela.text .rela.text.* .rela.gnu.linkonce.t.*)
 .rela.text     0x00000000        0x0 /home/megazig/devkitpro/devkitPPC/bin/../lib/gcc/powerpc-gekko/4.2.4/crtbegin.o
 .rela.text.wiiuse_handshake_expansion
                0x00000000        0x0 /home/megazig/devkitpro/devkitPPC/bin/../lib/gcc/powerpc-gekko/4.2.4/crtbegin.o
 .rela.text.wiiuse_handshake
                0x00000000        0x0 /home/megazig/devkitpro/devkitPPC/bin/../lib/gcc/powerpc-gekko/4.2.4/crtbegin.o
 .rela.text.wiiuse_init_cmd_queue
                0x00000000        0x0 /home/megazig/devkitpro/devkitPPC/bin/../lib/gcc/powerpc-gekko/4.2.4/crtbegin.o
 .rela.text.wiiuse_init
                0x00000000        0x0 /home/megazig/devkitpro/devkitPPC/bin/../lib/gcc/powerpc-gekko/4.2.4/crtbegin.o
 .rela.text.ELM_Mount
                0x00000000        0x0 /home/megazig/devkitpro/devkitPPC/bin/../lib/gcc/powerpc-gekko/4.2.4/crtbegin.o
 .rela.text.ELM_MountDevice
                0x00000000        0x0 /home/megazig/devkitpro/devkitPPC/bin/../lib/gcc/powerpc-gekko/4.2.4/crtbegin.o
 .rela.text.ELM_RemountDevice
                0x00000000        0x0 /home/megazig/devkitpro/devkitPPC/bin/../lib/gcc/powerpc-gekko/4.2.4/crtbegin.o
 .rela.text.ELM_UnmountDevice
                0x00000000        0x0 /home/megazig/devkitpro/devkitPPC/bin/../lib/gcc/powerpc-gekko/4.2.4/crtbegin.o
 .rela.text.ELM_GetError
                0x00000000        0x0 /home/megazig/devkitpro/devkitPPC/bin/../lib/gcc/powerpc-gekko/4.2.4/crtbegin.o
 .rela.text._ELM_errnoparse
                0x00000000        0x0 /home/megazig/devkitpro/devkitPPC/bin/../lib/gcc/powerpc-gekko/4.2.4/crtbegin.o
 .rela.text._ELM_open_r
                0x00000000        0x0 /home/megazig/devkitpro/devkitPPC/bin/../lib/gcc/powerpc-gekko/4.2.4/crtbegin.o
 .rela.text._ELM_close_r
                0x00000000        0x0 /home/megazig/devkitpro/devkitPPC/bin/../lib/gcc/powerpc-gekko/4.2.4/crtbegin.o
 .rela.text._ELM_write_r
                0x00000000        0x0 /home/megazig/devkitpro/devkitPPC/bin/../lib/gcc/powerpc-gekko/4.2.4/crtbegin.o
 .rela.text._ELM_read_r
                0x00000000        0x0 /home/megazig/devkitpro/devkitPPC/bin/../lib/gcc/powerpc-gekko/4.2.4/crtbegin.o
 .rela.text._ELM_seek_r
                0x00000000        0x0 /home/megazig/devkitpro/devkitPPC/bin/../lib/gcc/powerpc-gekko/4.2.4/crtbegin.o
 .rela.text._ELM_stat_r
                0x00000000        0x0 /home/megazig/devkitpro/devkitPPC/bin/../lib/gcc/powerpc-gekko/4.2.4/crtbegin.o
 .rela.text._ELM_unlink_r
                0x00000000        0x0 /home/megazig/devkitpro/devkitPPC/bin/../lib/gcc/powerpc-gekko/4.2.4/crtbegin.o
 .rela.text._ELM_chdir_r
                0x00000000        0x0 /home/megazig/devkitpro/devkitPPC/bin/../lib/gcc/powerpc-gekko/4.2.4/crtbegin.o
 .rela.text._ELM_rename_r
                0x00000000        0x0 /home/megazig/devkitpro/devkitPPC/bin/../lib/gcc/powerpc-gekko/4.2.4/crtbegin.o
 .rela.text._ELM_mkdir_r
                0x00000000        0x0 /home/megazig/devkitpro/devkitPPC/bin/../lib/gcc/powerpc-gekko/4.2.4/crtbegin.o
 .rela.text._ELM_diropen_r
                0x00000000        0x0 /home/megazig/devkitpro/devkitPPC/bin/../lib/gcc/powerpc-gekko/4.2.4/crtbegin.o
 .rela.text._ELM_dirreset_r
                0x00000000        0x0 /home/megazig/devkitpro/devkitPPC/bin/../lib/gcc/powerpc-gekko/4.2.4/crtbegin.o
 .rela.text._ELM_dirnext_r
                0x00000000        0x0 /home/megazig/devkitpro/devkitPPC/bin/../lib/gcc/powerpc-gekko/4.2.4/crtbegin.o
 .rela.text._ELM_ftruncate_r
                0x00000000        0x0 /home/megazig/devkitpro/devkitPPC/bin/../lib/gcc/powerpc-gekko/4.2.4/crtbegin.o
 .rela.text._ELM_fsync_r
                0x00000000        0x0 /home/megazig/devkitpro/devkitPPC/bin/../lib/gcc/powerpc-gekko/4.2.4/crtbegin.o
 .rela.text.SD_disk_deinitialize
                0x00000000        0x0 /home/megazig/devkitpro/devkitPPC/bin/../lib/gcc/powerpc-gekko/4.2.4/crtbegin.o
 .rela.text.USB_disk_deinitialize
                0x00000000        0x0 /home/megazig/devkitpro/devkitPPC/bin/../lib/gcc/powerpc-gekko/4.2.4/crtbegin.o
 .rela.text.SD_disk_initialize
                0x00000000        0x0 /home/megazig/devkitpro/devkitPPC/bin/../lib/gcc/powerpc-gekko/4.2.4/crtbegin.o
 .rela.text.USB_disk_initialize
                0x00000000        0x0 /home/megazig/devkitpro/devkitPPC/bin/../lib/gcc/powerpc-gekko/4.2.4/crtbegin.o
 .rela.text.SD_disk_status
                0x00000000        0x0 /home/megazig/devkitpro/devkitPPC/bin/../lib/gcc/powerpc-gekko/4.2.4/crtbegin.o
 .rela.text.USB_disk_status
                0x00000000        0x0 /home/megazig/devkitpro/devkitPPC/bin/../lib/gcc/powerpc-gekko/4.2.4/crtbegin.o
 .rela.text.SD_disk_read
                0x00000000        0x0 /home/megazig/devkitpro/devkitPPC/bin/../lib/gcc/powerpc-gekko/4.2.4/crtbegin.o
 .rela.text.USB_disk_read
                0x00000000        0x0 /home/megazig/devkitpro/devkitPPC/bin/../lib/gcc/powerpc-gekko/4.2.4/crtbegin.o
 .rela.text.SD_disk_write
                0x00000000        0x0 /home/megazig/devkitpro/devkitPPC/bin/../lib/gcc/powerpc-gekko/4.2.4/crtbegin.o
 .rela.text.USB_disk_write
                0x00000000        0x0 /home/megazig/devkitpro/devkitPPC/bin/../lib/gcc/powerpc-gekko/4.2.4/crtbegin.o
 .rela.text.bt_alarmhandler
                0x00000000        0x0 /home/megazig/devkitpro/devkitPPC/bin/../lib/gcc/powerpc-gekko/4.2.4/crtbegin.o
 .rela.text.CON_EnableGecko
                0x00000000        0x0 /home/megazig/devkitpro/devkitPPC/bin/../lib/gcc/powerpc-gekko/4.2.4/crtbegin.o
 .rela.text.__console_init
                0x00000000        0x0 /home/megazig/devkitpro/devkitPPC/bin/../lib/gcc/powerpc-gekko/4.2.4/crtbegin.o
 .rela.text.__console_init_ex
                0x00000000        0x0 /home/megazig/devkitpro/devkitPPC/bin/../lib/gcc/powerpc-gekko/4.2.4/crtbegin.o
 .rela.text.__lwp_rotate_readyqueue
                0x00000000        0x0 /home/megazig/devkitpro/devkitPPC/bin/../lib/gcc/powerpc-gekko/4.2.4/crtbegin.o
 .rela.text.__lwp_thread_setstate
                0x00000000        0x0 /home/megazig/devkitpro/devkitPPC/bin/../lib/gcc/powerpc-gekko/4.2.4/crtbegin.o
 .rela.text.__lwp_thread_setpriority
                0x00000000        0x0 /home/megazig/devkitpro/devkitPPC/bin/../lib/gcc/powerpc-gekko/4.2.4/crtbegin.o
 .rela.text.__lwp_thread_ready
                0x00000000        0x0 /home/megazig/devkitpro/devkitPPC/bin/../lib/gcc/powerpc-gekko/4.2.4/crtbegin.o
 .rela.text.__lwp_thread_close
                0x00000000        0x0 /home/megazig/devkitpro/devkitPPC/bin/../lib/gcc/powerpc-gekko/4.2.4/crtbegin.o
 .rela.text.__lwp_thread_closeall
                0x00000000        0x0 /home/megazig/devkitpro/devkitPPC/bin/../lib/gcc/powerpc-gekko/4.2.4/crtbegin.o
 .rela.text.__lwp_thread_stopmultitasking
                0x00000000        0x0 /home/megazig/devkitpro/devkitPPC/bin/../lib/gcc/powerpc-gekko/4.2.4/crtbegin.o
 .rela.text.__lwp_thread_changepriority
                0x00000000        0x0 /home/megazig/devkitpro/devkitPPC/bin/../lib/gcc/powerpc-gekko/4.2.4/crtbegin.o
 .rela.text.__lwp_thread_coreinit
                0x00000000        0x0 /home/megazig/devkitpro/devkitPPC/bin/../lib/gcc/powerpc-gekko/4.2.4/crtbegin.o
 .rela.text.__lwp_thread_suspend
                0x00000000        0x0 /home/megazig/devkitpro/devkitPPC/bin/../lib/gcc/powerpc-gekko/4.2.4/crtbegin.o
 .rela.text.__lwp_thread_startmultitasking
                0x00000000        0x0 /home/megazig/devkitpro/devkitPPC/bin/../lib/gcc/powerpc-gekko/4.2.4/crtbegin.o
 .rela.text.__lwp_thread_tickle_timeslice
                0x00000000        0x0 /home/megazig/devkitpro/devkitPPC/bin/../lib/gcc/powerpc-gekko/4.2.4/crtbegin.o
 .rela.text.__lwp_thread_context
                0x00000000        0x0 /home/megazig/devkitpro/devkitPPC/bin/../lib/gcc/powerpc-gekko/4.2.4/crtbegin.o
 .rela.text.__lwp_thread_exists
                0x00000000        0x0 /home/megazig/devkitpro/devkitPPC/bin/../lib/gcc/powerpc-gekko/4.2.4/crtbegin.o
 .rela.text.__lwp_thread_isalive
                0x00000000        0x0 /home/megazig/devkitpro/devkitPPC/bin/../lib/gcc/powerpc-gekko/4.2.4/crtbegin.o
 .rela.text.__lwp_sysinit
                0x00000000        0x0 /home/megazig/devkitpro/devkitPPC/bin/../lib/gcc/powerpc-gekko/4.2.4/crtbegin.o
 .rela.text.LWP_ThreadSignal
                0x00000000        0x0 /home/megazig/devkitpro/devkitPPC/bin/../lib/gcc/powerpc-gekko/4.2.4/crtbegin.o
 .rela.text.LWP_ThreadBroadcast
                0x00000000        0x0 /home/megazig/devkitpro/devkitPPC/bin/../lib/gcc/powerpc-gekko/4.2.4/crtbegin.o
 .rela.text.LWP_ThreadSleep
                0x00000000        0x0 /home/megazig/devkitpro/devkitPPC/bin/../lib/gcc/powerpc-gekko/4.2.4/crtbegin.o
 .rela.text.LWP_CloseQueue
                0x00000000        0x0 /home/megazig/devkitpro/devkitPPC/bin/../lib/gcc/powerpc-gekko/4.2.4/crtbegin.o
 .rela.text.LWP_InitQueue
                0x00000000        0x0 /home/megazig/devkitpro/devkitPPC/bin/../lib/gcc/powerpc-gekko/4.2.4/crtbegin.o
 .rela.text.LWP_JoinThread
                0x00000000        0x0 /home/megazig/devkitpro/devkitPPC/bin/../lib/gcc/powerpc-gekko/4.2.4/crtbegin.o
 .rela.text.LWP_ThreadIsSuspended
                0x00000000        0x0 /home/megazig/devkitpro/devkitPPC/bin/../lib/gcc/powerpc-gekko/4.2.4/crtbegin.o
 .rela.text.LWP_SetThreadPriority
                0x00000000        0x0 /home/megazig/devkitpro/devkitPPC/bin/../lib/gcc/powerpc-gekko/4.2.4/crtbegin.o
 .rela.text.LWP_ResumeThread
                0x00000000        0x0 /home/megazig/devkitpro/devkitPPC/bin/../lib/gcc/powerpc-gekko/4.2.4/crtbegin.o
 .rela.text.LWP_SuspendThread
                0x00000000        0x0 /home/megazig/devkitpro/devkitPPC/bin/../lib/gcc/powerpc-gekko/4.2.4/crtbegin.o
 .rela.text.LWP_CreateThread
                0x00000000        0x0 /home/megazig/devkitpro/devkitPPC/bin/../lib/gcc/powerpc-gekko/4.2.4/crtbegin.o
 .rela.text.__lwp_stack_free
                0x00000000        0x0 /home/megazig/devkitpro/devkitPPC/bin/../lib/gcc/powerpc-gekko/4.2.4/crtbegin.o
 .rela.text.__lwp_stack_allocate
                0x00000000        0x0 /home/megazig/devkitpro/devkitPPC/bin/../lib/gcc/powerpc-gekko/4.2.4/crtbegin.o
 .rela.text.__lwp_watchdog_init
                0x00000000        0x0 /home/megazig/devkitpro/devkitPPC/bin/../lib/gcc/powerpc-gekko/4.2.4/crtbegin.o
 .rela.text.__lwp_wd_tickle
                0x00000000        0x0 /home/megazig/devkitpro/devkitPPC/bin/../lib/gcc/powerpc-gekko/4.2.4/crtbegin.o
 .rela.text.__lwp_wkspace_init
                0x00000000        0x0 /home/megazig/devkitpro/devkitPPC/bin/../lib/gcc/powerpc-gekko/4.2.4/crtbegin.o
 .rela.text.__lwp_wkspace_heapused
                0x00000000        0x0 /home/megazig/devkitpro/devkitPPC/bin/../lib/gcc/powerpc-gekko/4.2.4/crtbegin.o
 .rela.text.__lwp_wkspace_heapfree
                0x00000000        0x0 /home/megazig/devkitpro/devkitPPC/bin/../lib/gcc/powerpc-gekko/4.2.4/crtbegin.o
 .rela.text.__lwp_objmgr_initinfo
                0x00000000        0x0 /home/megazig/devkitpro/devkitPPC/bin/../lib/gcc/powerpc-gekko/4.2.4/crtbegin.o
 .rela.text.__irq_init
                0x00000000        0x0 /home/megazig/devkitpro/devkitPPC/bin/../lib/gcc/powerpc-gekko/4.2.4/crtbegin.o
 .rela.text.__sram_sync
                0x00000000        0x0 /home/megazig/devkitpro/devkitPPC/bin/../lib/gcc/powerpc-gekko/4.2.4/crtbegin.o
 .rela.text.__locksram
                0x00000000        0x0 /home/megazig/devkitpro/devkitPPC/bin/../lib/gcc/powerpc-gekko/4.2.4/crtbegin.o
 .rela.text.__sram_init
                0x00000000        0x0 /home/megazig/devkitpro/devkitPPC/bin/../lib/gcc/powerpc-gekko/4.2.4/crtbegin.o
 .rela.text.SYS_Init
                0x00000000        0x0 /home/megazig/devkitpro/devkitPPC/bin/../lib/gcc/powerpc-gekko/4.2.4/crtbegin.o
 .rela.text.__unlocksram
                0x00000000        0x0 /home/megazig/devkitpro/devkitPPC/bin/../lib/gcc/powerpc-gekko/4.2.4/crtbegin.o
 .rela.text.__sram_writecallback
                0x00000000        0x0 /home/megazig/devkitpro/devkitPPC/bin/../lib/gcc/powerpc-gekko/4.2.4/crtbegin.o
 .rela.text.SYS_CancelAlarm
                0x00000000        0x0 /home/megazig/devkitpro/devkitPPC/bin/../lib/gcc/powerpc-gekko/4.2.4/crtbegin.o
 .rela.text.SYS_RemoveAlarm
                0x00000000        0x0 /home/megazig/devkitpro/devkitPPC/bin/../lib/gcc/powerpc-gekko/4.2.4/crtbegin.o
 .rela.text.SYS_SetAlarm
                0x00000000        0x0 /home/megazig/devkitpro/devkitPPC/bin/../lib/gcc/powerpc-gekko/4.2.4/crtbegin.o
 .rela.text.__sys_alarmhandler
                0x00000000        0x0 /home/megazig/devkitpro/devkitPPC/bin/../lib/gcc/powerpc-gekko/4.2.4/crtbegin.o
 .rela.text.SYS_SetPeriodicAlarm
                0x00000000        0x0 /home/megazig/devkitpro/devkitPPC/bin/../lib/gcc/powerpc-gekko/4.2.4/crtbegin.o
 .rela.text.__lwp_cond_init
                0x00000000        0x0 /home/megazig/devkitpro/devkitPPC/bin/../lib/gcc/powerpc-gekko/4.2.4/crtbegin.o
 .rela.text.LWP_CondDestroy
                0x00000000        0x0 /home/megazig/devkitpro/devkitPPC/bin/../lib/gcc/powerpc-gekko/4.2.4/crtbegin.o
 .rela.text.LWP_CondInit
                0x00000000        0x0 /home/megazig/devkitpro/devkitPPC/bin/../lib/gcc/powerpc-gekko/4.2.4/crtbegin.o
 .rela.text.__lwp_cond_signalsupp
                0x00000000        0x0 /home/megazig/devkitpro/devkitPPC/bin/../lib/gcc/powerpc-gekko/4.2.4/crtbegin.o
 .rela.text.__lwp_cond_waitsupp
                0x00000000        0x0 /home/megazig/devkitpro/devkitPPC/bin/../lib/gcc/powerpc-gekko/4.2.4/crtbegin.o
 .rela.text.c_decrementer_handler
                0x00000000        0x0 /home/megazig/devkitpro/devkitPPC/bin/../lib/gcc/powerpc-gekko/4.2.4/crtbegin.o
 .rela.text.__lwp_mqbox_init
                0x00000000        0x0 /home/megazig/devkitpro/devkitPPC/bin/../lib/gcc/powerpc-gekko/4.2.4/crtbegin.o
 .rela.text.MQ_Close
                0x00000000        0x0 /home/megazig/devkitpro/devkitPPC/bin/../lib/gcc/powerpc-gekko/4.2.4/crtbegin.o
 .rela.text.MQ_Init
                0x00000000        0x0 /home/megazig/devkitpro/devkitPPC/bin/../lib/gcc/powerpc-gekko/4.2.4/crtbegin.o
 .rela.text.MQ_Jam
                0x00000000        0x0 /home/megazig/devkitpro/devkitPPC/bin/../lib/gcc/powerpc-gekko/4.2.4/crtbegin.o
 .rela.text.MQ_Receive
                0x00000000        0x0 /home/megazig/devkitpro/devkitPPC/bin/../lib/gcc/powerpc-gekko/4.2.4/crtbegin.o
 .rela.text.MQ_Send
                0x00000000        0x0 /home/megazig/devkitpro/devkitPPC/bin/../lib/gcc/powerpc-gekko/4.2.4/crtbegin.o
 .rela.text.__ios_ioctlvformat_parse
                0x00000000        0x0 /home/megazig/devkitpro/devkitPPC/bin/../lib/gcc/powerpc-gekko/4.2.4/crtbegin.o
 .rela.text.__ioctlvfmtCB
                0x00000000        0x0 /home/megazig/devkitpro/devkitPPC/bin/../lib/gcc/powerpc-gekko/4.2.4/crtbegin.o
 .rela.text.IOS_IoctlvFormatAsync
                0x00000000        0x0 /home/megazig/devkitpro/devkitPPC/bin/../lib/gcc/powerpc-gekko/4.2.4/crtbegin.o
 .rela.text.IOS_IoctlvFormat
                0x00000000        0x0 /home/megazig/devkitpro/devkitPPC/bin/../lib/gcc/powerpc-gekko/4.2.4/crtbegin.o
 .rela.text.nanosleep
                0x00000000        0x0 /home/megazig/devkitpro/devkitPPC/bin/../lib/gcc/powerpc-gekko/4.2.4/crtbegin.o
 .rela.text.__libc_init
                0x00000000        0x0 /home/megazig/devkitpro/devkitPPC/bin/../lib/gcc/powerpc-gekko/4.2.4/crtbegin.o
 .rela.text.__libc_wrapup
                0x00000000        0x0 /home/megazig/devkitpro/devkitPPC/bin/../lib/gcc/powerpc-gekko/4.2.4/crtbegin.o
 .rela.text.__libc_delete_hook
                0x00000000        0x0 /home/megazig/devkitpro/devkitPPC/bin/../lib/gcc/powerpc-gekko/4.2.4/crtbegin.o
 .rela.text.__libogc_sbrk_r
                0x00000000        0x0 /home/megazig/devkitpro/devkitPPC/bin/../lib/gcc/powerpc-gekko/4.2.4/crtbegin.o
 .rela.text.__card_readcid
                0x00000000        0x0 /home/megazig/devkitpro/devkitPPC/bin/../lib/gcc/powerpc-gekko/4.2.4/crtbegin.o
 .rela.text.__card_readcsd
                0x00000000        0x0 /home/megazig/devkitpro/devkitPPC/bin/../lib/gcc/powerpc-gekko/4.2.4/crtbegin.o
 .rela.text.__card_sd_status
                0x00000000        0x0 /home/megazig/devkitpro/devkitPPC/bin/../lib/gcc/powerpc-gekko/4.2.4/crtbegin.o
 .rela.text.sdgecko_initIO
                0x00000000        0x0 /home/megazig/devkitpro/devkitPPC/bin/../lib/gcc/powerpc-gekko/4.2.4/crtbegin.o
 .rela.text.__CheckARGV
                0x00000000        0x0 /home/megazig/devkitpro/devkitPPC/bin/../lib/gcc/powerpc-gekko/4.2.4/crtbegin.o
 .rela.text.__lwp_priority_init
                0x00000000        0x0 /home/megazig/devkitpro/devkitPPC/bin/../lib/gcc/powerpc-gekko/4.2.4/crtbegin.o
 .rela.text.__lwp_threadqueue_extractpriority
                0x00000000        0x0 /home/megazig/devkitpro/devkitPPC/bin/../lib/gcc/powerpc-gekko/4.2.4/crtbegin.o
 .rela.text.__lwp_threadqueue_extractfifo
                0x00000000        0x0 /home/megazig/devkitpro/devkitPPC/bin/../lib/gcc/powerpc-gekko/4.2.4/crtbegin.o
 .rela.text.__lwp_threadqueue_dequeuepriority
                0x00000000        0x0 /home/megazig/devkitpro/devkitPPC/bin/../lib/gcc/powerpc-gekko/4.2.4/crtbegin.o
 .rela.text.__lwp_threadqueue_enqueuepriority
                0x00000000        0x0 /home/megazig/devkitpro/devkitPPC/bin/../lib/gcc/powerpc-gekko/4.2.4/crtbegin.o
 .rela.text.__lwp_threadqueue_dequeuefifo
                0x00000000        0x0 /home/megazig/devkitpro/devkitPPC/bin/../lib/gcc/powerpc-gekko/4.2.4/crtbegin.o
 .rela.text.__lwp_threadqueue_enqueuefifo
                0x00000000        0x0 /home/megazig/devkitpro/devkitPPC/bin/../lib/gcc/powerpc-gekko/4.2.4/crtbegin.o
 .rela.text.__lwp_threadqueue_enqueue
                0x00000000        0x0 /home/megazig/devkitpro/devkitPPC/bin/../lib/gcc/powerpc-gekko/4.2.4/crtbegin.o
 .rela.text.__lwpmq_close
                0x00000000        0x0 /home/megazig/devkitpro/devkitPPC/bin/../lib/gcc/powerpc-gekko/4.2.4/crtbegin.o
 .rela.text.__lwpmq_initialize
                0x00000000        0x0 /home/megazig/devkitpro/devkitPPC/bin/../lib/gcc/powerpc-gekko/4.2.4/crtbegin.o
 .rela.text.__exception_sethandler
                0x00000000        0x0 /home/megazig/devkitpro/devkitPPC/bin/../lib/gcc/powerpc-gekko/4.2.4/crtbegin.o
 .rela.text.__exception_init
                0x00000000        0x0 /home/megazig/devkitpro/devkitPPC/bin/../lib/gcc/powerpc-gekko/4.2.4/crtbegin.o
 .rela.text.__systemcall_init
                0x00000000        0x0 /home/megazig/devkitpro/devkitPPC/bin/../lib/gcc/powerpc-gekko/4.2.4/crtbegin.o
 .rela.text.__lwp_sema_init
                0x00000000        0x0 /home/megazig/devkitpro/devkitPPC/bin/../lib/gcc/powerpc-gekko/4.2.4/crtbegin.o
 .rela.text.LWP_SemInit
                0x00000000        0x0 /home/megazig/devkitpro/devkitPPC/bin/../lib/gcc/powerpc-gekko/4.2.4/crtbegin.o
 .rela.text.LWP_SemDestroy
                0x00000000        0x0 /home/megazig/devkitpro/devkitPPC/bin/../lib/gcc/powerpc-gekko/4.2.4/crtbegin.o
 .rela.text.LWP_SemPost
                0x00000000        0x0 /home/megazig/devkitpro/devkitPPC/bin/../lib/gcc/powerpc-gekko/4.2.4/crtbegin.o
 .rela.text.LWP_SemWait
                0x00000000        0x0 /home/megazig/devkitpro/devkitPPC/bin/../lib/gcc/powerpc-gekko/4.2.4/crtbegin.o
 .rela.text.LWP_MutexInit
                0x00000000        0x0 /home/megazig/devkitpro/devkitPPC/bin/../lib/gcc/powerpc-gekko/4.2.4/crtbegin.o
 .rela.text.__lwp_mutex_init
                0x00000000        0x0 /home/megazig/devkitpro/devkitPPC/bin/../lib/gcc/powerpc-gekko/4.2.4/crtbegin.o
 .rela.text.LWP_MutexDestroy
                0x00000000        0x0 /home/megazig/devkitpro/devkitPPC/bin/../lib/gcc/powerpc-gekko/4.2.4/crtbegin.o
 .rela.text.__lwp_mutex_locksupp
                0x00000000        0x0 /home/megazig/devkitpro/devkitPPC/bin/../lib/gcc/powerpc-gekko/4.2.4/crtbegin.o
 .rela.text.LWP_MutexUnlock
                0x00000000        0x0 /home/megazig/devkitpro/devkitPPC/bin/../lib/gcc/powerpc-gekko/4.2.4/crtbegin.o
 .rela.text.GX_EndDispList
                0x00000000        0x0 /home/megazig/devkitpro/devkitPPC/bin/../lib/gcc/powerpc-gekko/4.2.4/crtbegin.o
 .rela.text.GX_BeginDispList
                0x00000000        0x0 /home/megazig/devkitpro/devkitPPC/bin/../lib/gcc/powerpc-gekko/4.2.4/crtbegin.o
 .rela.text.GX_Init
                0x00000000        0x0 /home/megazig/devkitpro/devkitPPC/bin/../lib/gcc/powerpc-gekko/4.2.4/crtbegin.o
 .rela.text.kprintf
                0x00000000        0x0 /home/megazig/devkitpro/devkitPPC/bin/../lib/gcc/powerpc-gekko/4.2.4/crtbegin.o

.rel.fini
 *(.rel.fini)

.rela.fini
 *(.rela.fini)

.rel.rodata
 *(.rel.rodata .rel.rodata.* .rel.gnu.linkonce.r.*)

.rela.rodata
 *(.rela.rodata .rela.rodata.* .rela.gnu.linkonce.r.*)

.rel.data
 *(.rel.data .rel.data.* .rel.gnu.linkonce.d.*)

.rela.data
 *(.rela.data .rela.data.* .rela.gnu.linkonce.d.*)

.rel.tdata
 *(.rel.tdata .rel.tdata.* .rel.gnu.linkonce.td.*)

.rela.tdata
 *(.rela.tdata .rela.tdata.* .rela.gnu.linkonce.td.*)

.rel.tbss
 *(.rel.tbss .rel.tbss.* .rel.gnu.linkonce.tb.*)

.rela.tbss
 *(.rela.tbss .rela.tbss.* .rela.gnu.linkonce.tb.*)

.rel.ctors
 *(.rel.ctors)

.rela.ctors
 *(.rela.ctors)

.rel.dtors
 *(.rel.dtors)

.rela.dtors
 *(.rela.dtors)

.rel.got
 *(.rel.got)

.rela.got
 *(.rela.got)

.rela.got1
 *(.rela.got1)

.rela.got2      0x8000420c        0x0
 *(.rela.got2)
 .rela.got2     0x00000000        0x0 /home/megazig/devkitpro/devkitPPC/bin/../lib/gcc/powerpc-gekko/4.2.4/crtbegin.o

.rel.sdata
 *(.rel.sdata .rel.sdata.* .rel.gnu.linkonce.s.*)

.rela.sdata
 *(.rela.sdata .rela.sdata.* .rela.gnu.linkonce.s.*)

.rel.sbss
 *(.rel.sbss .rel.sbss.* .rel.gnu.linkonce.sb.*)

.rela.sbss
 *(.rela.sbss .rela.sbss.* .rel.gnu.linkonce.sb.*)

.rel.sdata2
 *(.rel.sdata2 .rel.sdata2.* .rel.gnu.linkonce.s2.*)

.rela.sdata2    0x8000420c        0x0
 *(.rela.sdata2 .rela.sdata2.* .rela.gnu.linkonce.s2.*)
 .rela.sdata2.__sys_inIPL
                0x00000000        0x0 /home/megazig/devkitpro/devkitPPC/bin/../lib/gcc/powerpc-gekko/4.2.4/crtbegin.o
 .rela.sdata2.__gx
                0x00000000        0x0 /home/megazig/devkitpro/devkitPPC/bin/../lib/gcc/powerpc-gekko/4.2.4/crtbegin.o

.rel.sbss2
 *(.rel.sbss2 .rel.sbss2.* .rel.gnu.linkonce.sb2.*)

.rela.sbss2
 *(.rela.sbss2 .rela.sbss2.* .rela.gnu.linkonce.sb2.*)

.rel.bss
 *(.rel.bss .rel.bss.* .rel.gnu.linkonce.b.*)

.rela.bss
 *(.rela.bss .rela.bss.* .rela.gnu.linkonce.b.*)

.rel.plt
 *(.rel.plt)

.rela.plt
 *(.rela.plt)

.text           0x80004220    0x48600
 *(.text)
 .text          0x80004220      0x140 /home/megazig/devkitpro/devkitPPC/bin/../lib/gcc/powerpc-gekko/4.2.4/crtbegin.o
 .text          0x80004360       0x48 /home/megazig/devkitpro/devkitPPC/bin/../lib/gcc/powerpc-gekko/4.2.4/../../../../powerpc-gekko/lib/crtmain.o
                0x80004364                __crtmain
 .text          0x800043a8      0x1cc /home/megazig/devkitpro/libogc/lib/wii/libusync.a(usync.o)
                0x800043f0                uSyncRelease
                0x80004500                uSyncCreate
                0x800044b8                uSyncDelete
                0x800043a8                uSyncInit
                0x80004454                uSyncObtain
 *fill*         0x80004574        0xc 00000000
 .text          0x80004580      0x4ec /home/megazig/devkitpro/libogc/lib/wii/libogc.a(lwp_handler.o)
                0x800046c0                _cpu_context_restore_fp
                0x80004980                _cpu_context_save
                0x80004580                _cpu_context_save_fp
                0x80004800                _cpu_context_switch
                0x80004a00                _cpu_context_restore
 .text          0x80004a6c      0x518 /home/megazig/devkitpro/libogc/lib/wii/libogc.a(system_asm.o)
                0x80004c3c                __configMEM1_48Mb
                0x80004ecc                __reset
                0x80004a6c                __realmode
                0x80004db0                __CacheInit
                0x80004cb0                __configMEM2_64Mb
                0x80004e14                __SystemInit
                0x80004d14                __configMEM2_128Mb
                0x80004bc8                __configMEM1_24Mb
                0x80004d78                __PSInit
                0x80004f6c                InitBATS
                0x80004a84                __configBATS
                0x80004e98                __flush_cache
                0x80004f3c                SYS_SwitchFiber
 .text          0x80004f84      0x1b0 /home/megazig/devkitpro/libogc/lib/wii/libogc.a(irq_handler.o)
                0x80004f84                irq_exceptionhandler
 .text          0x80005134      0x4d8 /home/megazig/devkitpro/libogc/lib/wii/libogc.a(cache_asm.o)
                0x80005410                L2Disable
                0x80005198                DCBlockZero
                0x80005250                DCFlushRangeNoSync
                0x800053a4                ICBlockInvalidate
                0x80005134                DCFlashInvalidate
                0x800051a0                DCBlockStore
                0x800052b0                DCZeroRange
                0x800055c4                LCLoadBlocks
                0x80005190                DCTouchLoad
                0x80005584                LCAllocTags
                0x8000536c                ICDisable
                0x80005358                ICEnable
                0x80005428                L2GlobalInvalidate
                0x800055e8                LCStoreBlocks
                0x80005348                ICFlashInvalidate
                0x800052e0                DCTouchRange
                0x80005280                DCStoreRangeNoSync
                0x80005380                ICFreeze
                0x80005158                DCDisable
                0x800051a8                DCBlockFlush
                0x80005144                DCEnable
                0x800053fc                L2Enable
                0x80005480                __LCEnable
                0x800051b8                DCInvalidateRange
                0x80005570                LCAllocOneTag
                0x80005180                DCUnfreeze
                0x80005310                ICInvalidateRange
                0x800051e8                DCFlushRange
                0x800053ac                ICSync
                0x800051b0                DCBlockInvalidate
                0x8000516c                DCFreeze
                0x800053b4                L2Init
                0x80005394                ICUnfreeze
                0x8000521c                DCStoreRange
                0x80005548                LCDisable
 .text          0x8000560c      0x1b0 /home/megazig/devkitpro/libogc/lib/wii/libogc.a(decrementer_handler.o)
                0x8000560c                dec_exceptionhandler
 .text          0x800057bc      0x35c /home/megazig/devkitpro/libogc/lib/wii/libogc.a(exception_handler.o)
                0x800057bc                exceptionhandler_start
                0x80005870                default_exceptionhandler
                0x80005b14                systemcallhandler_end
                0x80005ae8                systemcallhandler_start
                0x8000586c                exceptionhandler_end
                0x80005838                exceptionhandler_patch
                0x800059b0                fpu_exceptionhandler
 .text          0x80005b18       0x34 /home/megazig/devkitpro/devkitPPC/bin/../lib/gcc/powerpc-gekko/4.2.4/../../../../powerpc-gekko/lib/libm.a(lib_a-s_atan2.o)
                0x80005b18                atan2
 .text          0x80005b4c      0x284 /home/megazig/devkitpro/devkitPPC/bin/../lib/gcc/powerpc-gekko/4.2.4/../../../../powerpc-gekko/lib/libm.a(lib_a-s_atangent.o)
                0x80005b4c                atangent
 .text          0x80005dd0       0x24 /home/megazig/devkitpro/devkitPPC/bin/../lib/gcc/powerpc-gekko/4.2.4/../../../../powerpc-gekko/lib/libm.a(lib_a-s_cos.o)
                0x80005dd0                cos
 .text          0x80005df4       0xb4 /home/megazig/devkitpro/devkitPPC/bin/../lib/gcc/powerpc-gekko/4.2.4/../../../../powerpc-gekko/lib/libm.a(lib_a-s_fabs.o)
                0x80005df4                fabs
 .text          0x80005ea8       0x38 /home/megazig/devkitpro/devkitPPC/bin/../lib/gcc/powerpc-gekko/4.2.4/../../../../powerpc-gekko/lib/libm.a(lib_a-sf_atan2.o)
                0x80005ea8                atan2f
 .text          0x80005ee0      0x250 /home/megazig/devkitpro/devkitPPC/bin/../lib/gcc/powerpc-gekko/4.2.4/../../../../powerpc-gekko/lib/libm.a(lib_a-sf_atangent.o)
                0x80005ee0                atangentf
 .text          0x80006130       0xc8 /home/megazig/devkitpro/devkitPPC/bin/../lib/gcc/powerpc-gekko/4.2.4/../../../../powerpc-gekko/lib/libm.a(lib_a-sf_atan.o)
                0x80006130                atanf
 .text          0x800061f8       0x24 /home/megazig/devkitpro/devkitPPC/bin/../lib/gcc/powerpc-gekko/4.2.4/../../../../powerpc-gekko/lib/libm.a(lib_a-sf_cos.o)
                0x800061f8                cosf
 .text          0x8000621c       0xb4 /home/megazig/devkitpro/devkitPPC/bin/../lib/gcc/powerpc-gekko/4.2.4/../../../../powerpc-gekko/lib/libm.a(lib_a-sf_fabs.o)
                0x8000621c                fabsf
 .text          0x800062d0       0xa8 /home/megazig/devkitpro/devkitPPC/bin/../lib/gcc/powerpc-gekko/4.2.4/../../../../powerpc-gekko/lib/libm.a(lib_a-sf_fpclassify.o)
                0x800062d0                __fpclassifyf
 .text          0x80006378       0x90 /home/megazig/devkitpro/devkitPPC/bin/../lib/gcc/powerpc-gekko/4.2.4/../../../../powerpc-gekko/lib/libm.a(lib_a-sf_frexp.o)
                0x80006378                frexpf
 .text          0x80006408       0x24 /home/megazig/devkitpro/devkitPPC/bin/../lib/gcc/powerpc-gekko/4.2.4/../../../../powerpc-gekko/lib/libm.a(lib_a-sf_isinff.o)
                0x80006408                __isinff
 .text          0x8000642c       0x28 /home/megazig/devkitpro/devkitPPC/bin/../lib/gcc/powerpc-gekko/4.2.4/../../../../powerpc-gekko/lib/libm.a(lib_a-sf_isnanf.o)
                0x8000642c                __isnanf
 .text          0x80006454       0x48 /home/megazig/devkitpro/devkitPPC/bin/../lib/gcc/powerpc-gekko/4.2.4/../../../../powerpc-gekko/lib/libm.a(lib_a-sf_numtest.o)
                0x80006454                numtestf
 .text          0x8000649c       0xb4 /home/megazig/devkitpro/devkitPPC/bin/../lib/gcc/powerpc-gekko/4.2.4/../../../../powerpc-gekko/lib/libm.a(lib_a-s_frexp.o)
                0x8000649c                frexp
 .text          0x80006550      0x2b8 /home/megazig/devkitpro/devkitPPC/bin/../lib/gcc/powerpc-gekko/4.2.4/../../../../powerpc-gekko/lib/libm.a(lib_a-sf_sine.o)
                0x80006550                sinef
 .text          0x80006808       0x24 /home/megazig/devkitpro/devkitPPC/bin/../lib/gcc/powerpc-gekko/4.2.4/../../../../powerpc-gekko/lib/libm.a(lib_a-sf_sin.o)
                0x80006808                sinf
 .text          0x8000682c      0x190 /home/megazig/devkitpro/devkitPPC/bin/../lib/gcc/powerpc-gekko/4.2.4/../../../../powerpc-gekko/lib/libm.a(lib_a-sf_sqrt.o)
                0x8000682c                sqrtf
 .text          0x800069bc       0x50 /home/megazig/devkitpro/devkitPPC/bin/../lib/gcc/powerpc-gekko/4.2.4/../../../../powerpc-gekko/lib/libm.a(lib_a-s_numtest.o)
                0x800069bc                numtest
 .text          0x80006a0c      0x2c4 /home/megazig/devkitpro/devkitPPC/bin/../lib/gcc/powerpc-gekko/4.2.4/../../../../powerpc-gekko/lib/libm.a(lib_a-s_sine.o)
                0x80006a0c                sine
 .text          0x80006cd0       0x24 /home/megazig/devkitpro/devkitPPC/bin/../lib/gcc/powerpc-gekko/4.2.4/../../../../powerpc-gekko/lib/libm.a(lib_a-s_sin.o)
                0x80006cd0                sin
 .text          0x80006cf4      0x184 /home/megazig/devkitpro/devkitPPC/bin/../lib/gcc/powerpc-gekko/4.2.4/../../../../powerpc-gekko/lib/libm.a(lib_a-s_sqrt.o)
                0x80006cf4                sqrt
 .text          0x80006e78       0x1c /home/megazig/devkitpro/devkitPPC/bin/../lib/gcc/powerpc-gekko/4.2.4/../../../../powerpc-gekko/lib/libm.a(lib_a-sf_ispos.o)
                0x80006e78                isposf
 .text          0x80006e94      0x14c /home/megazig/devkitpro/devkitPPC/bin/../lib/gcc/powerpc-gekko/4.2.4/../../../../powerpc-gekko/lib/libm.a(lib_a-sf_ldexp.o)
                0x80006e94                ldexpf
 .text          0x80006fe0       0x1c /home/megazig/devkitpro/devkitPPC/bin/../lib/gcc/powerpc-gekko/4.2.4/../../../../powerpc-gekko/lib/libm.a(lib_a-s_ispos.o)
                0x80006fe0                ispos
 .text          0x80006ffc      0x154 /home/megazig/devkitpro/devkitPPC/bin/../lib/gcc/powerpc-gekko/4.2.4/../../../../powerpc-gekko/lib/libm.a(lib_a-s_ldexp.o)
                0x80006ffc                ldexp
 .text          0x80007150      0x408 /home/megazig/devkitpro/devkitPPC/bin/../lib/gcc/powerpc-gekko/4.2.4/libgcc.a(_udivdi3.o)
                0x80007150                __udivdi3
 .text          0x80007558       0x28 /home/megazig/devkitpro/devkitPPC/bin/../lib/gcc/powerpc-gekko/4.2.4/../../../../powerpc-gekko/lib/libsysbase.a(abort.o)
                0x80007558                abort
 .text          0x80007580      0x2c4 /home/megazig/devkitpro/devkitPPC/bin/../lib/gcc/powerpc-gekko/4.2.4/../../../../powerpc-gekko/lib/libsysbase.a(iosupport.o)
                0x800077f4                RemoveDevice
                0x80007580                setDefaultDevice
                0x80007598                AddDevice
                0x800077b0                GetDeviceOpTab
                0x800076c0                FindDevice
 .text          0x80007844       0x28 /home/megazig/devkitpro/devkitPPC/bin/../lib/gcc/powerpc-gekko/4.2.4/../../../../powerpc-gekko/lib/libsysbase.a(_exit.o)
                0x80007844                _exit
 .text          0x8000786c      0x510 /home/megazig/devkitpro/devkitPPC/bin/../lib/gcc/powerpc-gekko/4.2.4/../../../../powerpc-gekko/lib/libsysbase.a(chdir.o)
                0x80007bf4                chdir
                0x8000786c                getcwd
                0x80007950                _concatenate_path
 .text          0x80007d7c       0x88 /home/megazig/devkitpro/devkitPPC/bin/../lib/gcc/powerpc-gekko/4.2.4/../../../../powerpc-gekko/lib/libsysbase.a(mkdir.o)
                0x80007d7c                mkdir
 .text          0x80007e04       0x9c /home/megazig/devkitpro/devkitPPC/bin/../lib/gcc/powerpc-gekko/4.2.4/../../../../powerpc-gekko/lib/libsysbase.a(build_argv.o)
                0x80007e04                build_argv
 .text          0x80007ea0      0x168 /home/megazig/devkitpro/devkitPPC/bin/../lib/gcc/powerpc-gekko/4.2.4/../../../../powerpc-gekko/lib/libsysbase.a(syscall_support.o)
                0x80007fd4                __malloc_unlock
                0x80007f20                __libc_lock_release
                0x80007ea0                __libc_lock_init
                0x80007fa0                __malloc_lock
                0x80007ee0                __libc_lock_close
                0x80007f60                __libc_lock_acquire
 .text          0x80008008       0x34 /home/megazig/devkitpro/devkitPPC/bin/../lib/gcc/powerpc-gekko/4.2.4/../../../../powerpc-gekko/lib/libc.a(lib_a-calloc.o)
                0x80008008                calloc
 .text          0x8000803c       0xd0 /home/megazig/devkitpro/devkitPPC/bin/../lib/gcc/powerpc-gekko/4.2.4/../../../../powerpc-gekko/lib/libc.a(lib_a-callocr.o)
                0x8000803c                _calloc_r
 .text          0x8000810c        0xc /home/megazig/devkitpro/devkitPPC/bin/../lib/gcc/powerpc-gekko/4.2.4/../../../../powerpc-gekko/lib/libc.a(lib_a-errno.o)
                0x8000810c                __errno
 .text          0x80008118       0x40 /home/megazig/devkitpro/devkitPPC/bin/../lib/gcc/powerpc-gekko/4.2.4/../../../../powerpc-gekko/lib/libc.a(lib_a-exit.o)
                0x80008118                exit
 .text          0x80008158      0x188 /home/megazig/devkitpro/devkitPPC/bin/../lib/gcc/powerpc-gekko/4.2.4/../../../../powerpc-gekko/lib/libc.a(lib_a-fclose.o)
                0x80008158                _fclose_r
                0x800082d0                fclose
 .text          0x800082e0      0x370 /home/megazig/devkitpro/devkitPPC/bin/../lib/gcc/powerpc-gekko/4.2.4/../../../../powerpc-gekko/lib/libc.a(lib_a-fflush.o)
                0x80008600                fflush
                0x800082e0                _fflush_r
 .text          0x80008650      0x4e0 /home/megazig/devkitpro/devkitPPC/bin/../lib/gcc/powerpc-gekko/4.2.4/../../../../powerpc-gekko/lib/libc.a(lib_a-findfp.o)
                0x800088e0                __sinit
                0x8000897c                __sfmoreglue
                0x80008678                _cleanup
                0x80008650                _cleanup_r
                0x8000880c                __fp_lock_all
                0x800087bc                __sfp_lock_acquire
                0x800089f4                __sfp
                0x800086e4                __sinit_lock_release
                0x80008738                __fp_unlock_all
                0x8000870c                __sfp_lock_release
                0x80008770                __sinit_lock_acquire
 .text          0x80008b30      0x154 /home/megazig/devkitpro/devkitPPC/bin/../lib/gcc/powerpc-gekko/4.2.4/../../../../powerpc-gekko/lib/libc.a(lib_a-fopen.o)
                0x80008c6c                fopen
                0x80008b30                _fopen_r
 .text          0x80008c84      0x110 /home/megazig/devkitpro/devkitPPC/bin/../lib/gcc/powerpc-gekko/4.2.4/../../../../powerpc-gekko/lib/libc.a(lib_a-fprintf.o)
                0x80008c84                fprintf
                0x80008d18                _fprintf_r
 .text          0x80008d94      0x3f8 /home/megazig/devkitpro/devkitPPC/bin/../lib/gcc/powerpc-gekko/4.2.4/../../../../powerpc-gekko/lib/libc.a(lib_a-freer.o)
                0x80008eb0                _free_r
                0x80008d94                _malloc_trim_r
 .text          0x8000918c      0x6ac /home/megazig/devkitpro/devkitPPC/bin/../lib/gcc/powerpc-gekko/4.2.4/../../../../powerpc-gekko/lib/libc.a(lib_a-fseek.o)
                0x80009818                fseek
                0x8000918c                _fseek_r
 .text          0x80009838      0x194 /home/megazig/devkitpro/devkitPPC/bin/../lib/gcc/powerpc-gekko/4.2.4/../../../../powerpc-gekko/lib/libc.a(lib_a-fwalk.o)
                0x80009908                _fwalk
                0x80009838                _fwalk_reent
 .text          0x800099cc      0x1a4 /home/megazig/devkitpro/devkitPPC/bin/../lib/gcc/powerpc-gekko/4.2.4/../../../../powerpc-gekko/lib/libc.a(lib_a-fwrite.o)
                0x800099cc                _fwrite_r
                0x80009b48                fwrite
 .text          0x80009b70       0x2c /home/megazig/devkitpro/devkitPPC/bin/../lib/gcc/powerpc-gekko/4.2.4/../../../../powerpc-gekko/lib/libc.a(lib_a-lcltime.o)
                0x80009b70                localtime
 .text          0x80009b9c       0x24 /home/megazig/devkitpro/devkitPPC/bin/../lib/gcc/powerpc-gekko/4.2.4/../../../../powerpc-gekko/lib/libc.a(lib_a-lcltime_r.o)
                0x80009b9c                localtime_r
 .text          0x80009bc0      0x1c0 /home/megazig/devkitpro/devkitPPC/bin/../lib/gcc/powerpc-gekko/4.2.4/../../../../powerpc-gekko/lib/libc.a(lib_a-makebuf.o)
                0x80009bc0                __smakebuf_r
 .text          0x80009d80       0x34 /home/megazig/devkitpro/devkitPPC/bin/../lib/gcc/powerpc-gekko/4.2.4/../../../../powerpc-gekko/lib/libc.a(lib_a-malign.o)
                0x80009d80                memalign
 .text          0x80009db4      0x1b0 /home/megazig/devkitpro/devkitPPC/bin/../lib/gcc/powerpc-gekko/4.2.4/../../../../powerpc-gekko/lib/libc.a(lib_a-malignr.o)
                0x80009db4                _memalign_r
 .text          0x80009f64       0x58 /home/megazig/devkitpro/devkitPPC/bin/../lib/gcc/powerpc-gekko/4.2.4/../../../../powerpc-gekko/lib/libc.a(lib_a-malloc.o)
                0x80009f90                malloc
                0x80009f64                free
 .text          0x80009fbc      0x86c /home/megazig/devkitpro/devkitPPC/bin/../lib/gcc/powerpc-gekko/4.2.4/../../../../powerpc-gekko/lib/libc.a(lib_a-mallocr.o)
                0x80009fbc                _malloc_r
 .text          0x8000a828       0x8c /home/megazig/devkitpro/devkitPPC/bin/../lib/gcc/powerpc-gekko/4.2.4/../../../../powerpc-gekko/lib/libc.a(lib_a-memcmp.o)
                0x8000a828                memcmp
 .text          0x8000a8b4       0xc8 /home/megazig/devkitpro/devkitPPC/bin/../lib/gcc/powerpc-gekko/4.2.4/../../../../powerpc-gekko/lib/libc.a(lib_a-memcpy.o)
                0x8000a8b4                memcpy
 .text          0x8000a97c      0x104 /home/megazig/devkitpro/devkitPPC/bin/../lib/gcc/powerpc-gekko/4.2.4/../../../../powerpc-gekko/lib/libc.a(lib_a-memmove.o)
                0x8000a97c                memmove
 .text          0x8000aa80       0xe4 /home/megazig/devkitpro/devkitPPC/bin/../lib/gcc/powerpc-gekko/4.2.4/../../../../powerpc-gekko/lib/libc.a(lib_a-memset.o)
                0x8000aa80                memset
 .text          0x8000ab64      0x740 /home/megazig/devkitpro/devkitPPC/bin/../lib/gcc/powerpc-gekko/4.2.4/../../../../powerpc-gekko/lib/libc.a(lib_a-mktime.o)
                0x8000aeb4                mktime
 .text          0x8000b2a4      0x870 /home/megazig/devkitpro/devkitPPC/bin/../lib/gcc/powerpc-gekko/4.2.4/../../../../powerpc-gekko/lib/libc.a(lib_a-mktm_r.o)
                0x8000b2a4                __tzcalc_limits
                0x8000b518                _mktm_r
 .text          0x8000bb14      0x124 /home/megazig/devkitpro/devkitPPC/bin/../lib/gcc/powerpc-gekko/4.2.4/../../../../powerpc-gekko/lib/libc.a(lib_a-printf.o)
                0x8000bb14                printf
                0x8000bbac                _printf_r
 .text          0x8000bc38       0xd0 /home/megazig/devkitpro/devkitPPC/bin/../lib/gcc/powerpc-gekko/4.2.4/../../../../powerpc-gekko/lib/libc.a(lib_a-puts.o)
                0x8000bc38                _puts_r
                0x8000bcf8                puts
 .text          0x8000bd08      0x248 /home/megazig/devkitpro/devkitPPC/bin/../lib/gcc/powerpc-gekko/4.2.4/../../../../powerpc-gekko/lib/libc.a(lib_a-reent.o)
                0x8000bdc8                cleanup_glue
                0x8000be18                _reclaim_reent
                0x8000bd08                _wrapup_reent
 .text          0x8000bf50      0x264 /home/megazig/devkitpro/devkitPPC/bin/../lib/gcc/powerpc-gekko/4.2.4/../../../../powerpc-gekko/lib/libc.a(lib_a-refill.o)
                0x8000bf50                __srefill_r
 .text          0x8000c1b4      0x2cc /home/megazig/devkitpro/devkitPPC/bin/../lib/gcc/powerpc-gekko/4.2.4/../../../../powerpc-gekko/lib/libc.a(lib_a-setvbuf.o)
                0x8000c1b4                setvbuf
 .text          0x8000c480      0x230 /home/megazig/devkitpro/devkitPPC/bin/../lib/gcc/powerpc-gekko/4.2.4/../../../../powerpc-gekko/lib/libc.a(lib_a-snprintf.o)
                0x8000c480                snprintf
                0x8000c598                _snprintf_r
 .text          0x8000c6b0      0x188 /home/megazig/devkitpro/devkitPPC/bin/../lib/gcc/powerpc-gekko/4.2.4/../../../../powerpc-gekko/lib/libc.a(lib_a-sprintf.o)
                0x8000c77c                _sprintf_r
                0x8000c6b0                sprintf
 .text          0x8000c838      0x184 /home/megazig/devkitpro/devkitPPC/bin/../lib/gcc/powerpc-gekko/4.2.4/../../../../powerpc-gekko/lib/libc.a(lib_a-stdio.o)
                0x8000c85c                __sseek
                0x8000c958                __sread
                0x8000c838                __sclose
                0x8000c8cc                __swrite
 .text          0x8000c9bc       0x88 /home/megazig/devkitpro/devkitPPC/bin/../lib/gcc/powerpc-gekko/4.2.4/../../../../powerpc-gekko/lib/libc.a(lib_a-strcat.o)
                0x8000c9bc                strcat
 .text          0x8000ca44      0x188 /home/megazig/devkitpro/devkitPPC/bin/../lib/gcc/powerpc-gekko/4.2.4/../../../../powerpc-gekko/lib/libc.a(lib_a-strchr.o)
                0x8000ca44                strchr
 .text          0x8000cbcc       0xc0 /home/megazig/devkitpro/devkitPPC/bin/../lib/gcc/powerpc-gekko/4.2.4/../../../../powerpc-gekko/lib/libc.a(lib_a-strcmp.o)
                0x8000cbcc                strcmp
 .text          0x8000cc8c       0x74 /home/megazig/devkitpro/devkitPPC/bin/../lib/gcc/powerpc-gekko/4.2.4/../../../../powerpc-gekko/lib/libc.a(lib_a-strcpy.o)
                0x8000cc8c                strcpy
 .text          0x8000cd00       0x2c /home/megazig/devkitpro/devkitPPC/bin/../lib/gcc/powerpc-gekko/4.2.4/../../../../powerpc-gekko/lib/libc.a(lib_a-strdup.o)
                0x8000cd00                strdup
 .text          0x8000cd2c       0x6c /home/megazig/devkitpro/devkitPPC/bin/../lib/gcc/powerpc-gekko/4.2.4/../../../../powerpc-gekko/lib/libc.a(lib_a-strdup_r.o)
                0x8000cd2c                _strdup_r
 .text          0x8000cd98       0xa4 /home/megazig/devkitpro/devkitPPC/bin/../lib/gcc/powerpc-gekko/4.2.4/../../../../powerpc-gekko/lib/libc.a(lib_a-strlen.o)
                0x8000cd98                strlen
 .text          0x8000ce3c      0x144 /home/megazig/devkitpro/devkitPPC/bin/../lib/gcc/powerpc-gekko/4.2.4/../../../../powerpc-gekko/lib/libc.a(lib_a-strncmp.o)
                0x8000ce3c                strncmp
 .text          0x8000cf80       0xdc /home/megazig/devkitpro/devkitPPC/bin/../lib/gcc/powerpc-gekko/4.2.4/../../../../powerpc-gekko/lib/libc.a(lib_a-strncpy.o)
                0x8000cf80                strncpy
 .text          0x8000d05c       0x44 /home/megazig/devkitpro/devkitPPC/bin/../lib/gcc/powerpc-gekko/4.2.4/../../../../powerpc-gekko/lib/libc.a(lib_a-strnlen.o)
                0x8000d05c                strnlen
 .text          0x8000d0a0       0x84 /home/megazig/devkitpro/devkitPPC/bin/../lib/gcc/powerpc-gekko/4.2.4/../../../../powerpc-gekko/lib/libc.a(lib_a-strrchr.o)
                0x8000d0a0                strrchr
 .text          0x8000d124      0x290 /home/megazig/devkitpro/devkitPPC/bin/../lib/gcc/powerpc-gekko/4.2.4/../../../../powerpc-gekko/lib/libc.a(lib_a-strtoull_r.o)
                0x8000d124                _strtoull_r
 .text          0x8000d3b4      0x1f4 /home/megazig/devkitpro/devkitPPC/bin/../lib/gcc/powerpc-gekko/4.2.4/../../../../powerpc-gekko/lib/libc.a(lib_a-strtoul.o)
                0x8000d588                strtoul
                0x8000d3b4                _strtoul_r
 .text          0x8000d5a8     0x23c8 /home/megazig/devkitpro/devkitPPC/bin/../lib/gcc/powerpc-gekko/4.2.4/../../../../powerpc-gekko/lib/libc.a(lib_a-svfprintf.o)
                0x8000d7c0                _svfprintf_r
 .text          0x8000f970       0x3c /home/megazig/devkitpro/devkitPPC/bin/../lib/gcc/powerpc-gekko/4.2.4/../../../../powerpc-gekko/lib/libc.a(lib_a-syswrite.o)
                0x8000f970                write
 .text          0x8000f9ac       0x74 /home/megazig/devkitpro/devkitPPC/bin/../lib/gcc/powerpc-gekko/4.2.4/../../../../powerpc-gekko/lib/libc.a(lib_a-tzlock.o)
                0x8000f9ac                __tz_unlock
                0x8000f9d4                __tz_lock
 .text          0x8000fa20     0x2360 /home/megazig/devkitpro/devkitPPC/bin/../lib/gcc/powerpc-gekko/4.2.4/../../../../powerpc-gekko/lib/libc.a(lib_a-vfprintf.o)
                0x8000fa80                _vfprintf_r
                0x80011d60                vfprintf
 .text          0x80011d80       0xa4 /home/megazig/devkitpro/devkitPPC/bin/../lib/gcc/powerpc-gekko/4.2.4/../../../../powerpc-gekko/lib/libc.a(lib_a-wcrtomb.o)
                0x80011d80                _wcrtomb_r
                0x80011e04                wcrtomb
 .text          0x80011e24      0x1d4 /home/megazig/devkitpro/devkitPPC/bin/../lib/gcc/powerpc-gekko/4.2.4/../../../../powerpc-gekko/lib/libc.a(lib_a-wcsrtombs.o)
                0x80011e24                _wcsrtombs_r
                0x80011fd0                wcsrtombs
 .text          0x80011ff8      0x464 /home/megazig/devkitpro/devkitPPC/bin/../lib/gcc/powerpc-gekko/4.2.4/../../../../powerpc-gekko/lib/libc.a(lib_a-wctomb_r.o)
                0x80011ff8                _wctomb_r
 .text          0x8001245c      0x178 /home/megazig/devkitpro/devkitPPC/bin/../lib/gcc/powerpc-gekko/4.2.4/../../../../powerpc-gekko/lib/libc.a(lib_a-wsetup.o)
                0x8001245c                __swsetup_r
 .text          0x800125d4      0x1ac /home/megazig/devkitpro/devkitPPC/bin/../lib/gcc/powerpc-gekko/4.2.4/../../../../powerpc-gekko/lib/libc.a(lib_a-__call_atexit.o)
                0x800125d4                __call_exitprocs
 .text          0x80012780       0x54 /home/megazig/devkitpro/devkitPPC/bin/../lib/gcc/powerpc-gekko/4.2.4/../../../../powerpc-gekko/lib/libc.a(lib_a-div.o)
                0x80012780                div
 .text          0x800127d4     0x13a0 /home/megazig/devkitpro/devkitPPC/bin/../lib/gcc/powerpc-gekko/4.2.4/../../../../powerpc-gekko/lib/libc.a(lib_a-dtoa.o)
                0x80012a20                _dtoa_r
 .text          0x80013b74       0xa4 /home/megazig/devkitpro/devkitPPC/bin/../lib/gcc/powerpc-gekko/4.2.4/../../../../powerpc-gekko/lib/libc.a(lib_a-flags.o)
                0x80013b74                __sflags
 .text          0x80013c18      0x504 /home/megazig/devkitpro/devkitPPC/bin/../lib/gcc/powerpc-gekko/4.2.4/../../../../powerpc-gekko/lib/libc.a(lib_a-fvwrite.o)
                0x80013c18                __sfvwrite_r
 .text          0x8001411c        0xc /home/megazig/devkitpro/devkitPPC/bin/../lib/gcc/powerpc-gekko/4.2.4/../../../../powerpc-gekko/lib/libc.a(lib_a-gettzinfo.o)
                0x8001411c                __gettzinfo
 .text          0x80014128      0x4c4 /home/megazig/devkitpro/devkitPPC/bin/../lib/gcc/powerpc-gekko/4.2.4/../../../../powerpc-gekko/lib/libc.a(lib_a-locale.o)
                0x8001414c                _setlocale_r
                0x80014128                __locale_charset
                0x80014134                _localeconv_r
                0x800145d4                setlocale
                0x80014140                localeconv
 .text          0x800145ec      0x9a8 /home/megazig/devkitpro/devkitPPC/bin/../lib/gcc/powerpc-gekko/4.2.4/../../../../powerpc-gekko/lib/libc.a(lib_a-mbtowc_r.o)
                0x800145ec                _mbtowc_r
 .text          0x80014f94       0xdc /home/megazig/devkitpro/devkitPPC/bin/../lib/gcc/powerpc-gekko/4.2.4/../../../../powerpc-gekko/lib/libc.a(lib_a-memchr.o)
                0x80014f94                memchr
 .text          0x80015070     0x1128 /home/megazig/devkitpro/devkitPPC/bin/../lib/gcc/powerpc-gekko/4.2.4/../../../../powerpc-gekko/lib/libc.a(lib_a-mprec.o)
                0x800154d8                _mprec_log10
                0x8001557c                __any_on
                0x8001561c                _Balloc
                0x80015414                __ratio
                0x80015df0                __i2b
                0x800152c4                __b2d
                0x80016070                __s2b
                0x800151c4                __mcmp
                0x80015094                __hi0bits
                0x80015f44                __pow5mult
                0x80015a50                __lshift
                0x80015bb8                __multiply
                0x800156ec                __d2b
                0x80015514                __copybits
                0x80015224                __ulp
                0x80015894                __mdiff
                0x80015100                __lo0bits
                0x80015e2c                __multadd
                0x80015070                _Bfree
 .text          0x80016198      0x668 /home/megazig/devkitpro/devkitPPC/bin/../lib/gcc/powerpc-gekko/4.2.4/../../../../powerpc-gekko/lib/libc.a(lib_a-reallocr.o)
                0x80016198                _realloc_r
 .text          0x80016800       0x44 /home/megazig/devkitpro/devkitPPC/bin/../lib/gcc/powerpc-gekko/4.2.4/../../../../powerpc-gekko/lib/libc.a(lib_a-s_isinfd.o)
                0x80016800                __isinfd
 .text          0x80016844       0x38 /home/megazig/devkitpro/devkitPPC/bin/../lib/gcc/powerpc-gekko/4.2.4/../../../../powerpc-gekko/lib/libc.a(lib_a-s_isnand.o)
                0x80016844                __isnand
 .text          0x8001687c       0xa0 /home/megazig/devkitpro/devkitPPC/bin/../lib/gcc/powerpc-gekko/4.2.4/../../../../powerpc-gekko/lib/libsysbase.a(close.o)
                0x8001687c                _close_r
 .text          0x8001691c       0xc4 /home/megazig/devkitpro/devkitPPC/bin/../lib/gcc/powerpc-gekko/4.2.4/../../../../powerpc-gekko/lib/libsysbase.a(fstat.o)
                0x8001691c                _fstat_r
 .text          0x800169e0        0x8 /home/megazig/devkitpro/devkitPPC/bin/../lib/gcc/powerpc-gekko/4.2.4/../../../../powerpc-gekko/lib/libsysbase.a(isatty.o)
                0x800169e0                _isatty_r
 .text          0x800169e8       0xe8 /home/megazig/devkitpro/devkitPPC/bin/../lib/gcc/powerpc-gekko/4.2.4/../../../../powerpc-gekko/lib/libsysbase.a(lseek.o)
                0x800169e8                _lseek_r
 .text          0x80016ad0      0x14c /home/megazig/devkitpro/devkitPPC/bin/../lib/gcc/powerpc-gekko/4.2.4/../../../../powerpc-gekko/lib/libsysbase.a(open.o)
                0x80016ad0                _open_r
 .text          0x80016c1c       0xcc /home/megazig/devkitpro/devkitPPC/bin/../lib/gcc/powerpc-gekko/4.2.4/../../../../powerpc-gekko/lib/libsysbase.a(read.o)
                0x80016c1c                _read_r
 .text          0x80016ce8       0x50 /home/megazig/devkitpro/devkitPPC/bin/../lib/gcc/powerpc-gekko/4.2.4/../../../../powerpc-gekko/lib/libsysbase.a(sbrk.o)
                0x80016ce8                _sbrk_r
 .text          0x80016d38       0xcc /home/megazig/devkitpro/devkitPPC/bin/../lib/gcc/powerpc-gekko/4.2.4/../../../../powerpc-gekko/lib/libsysbase.a(write.o)
                0x80016d38                _write_r
 .text          0x80016e04       0x6c /home/megazig/devkitpro/devkitPPC/bin/../lib/gcc/powerpc-gekko/4.2.4/../../../../powerpc-gekko/lib/libsysbase.a(flock.o)
                0x80016e28                __flockfile
                0x80016e04                __funlockfile
 .text          0x80016e70      0x120 /home/megazig/devkitpro/devkitPPC/bin/../lib/gcc/powerpc-gekko/4.2.4/../../../../powerpc-gekko/lib/libsysbase.a(handle_manager.o)
                0x80016f34                __release_handle
                0x80016e9c                __alloc_handle
                0x80016e70                __get_handle
 .text          0x80016f90      0x450 /home/megazig/devkitpro/devkitPPC/bin/../lib/gcc/powerpc-gekko/4.2.4/libgcc.a(_umoddi3.o)
                0x80016f90                __umoddi3
 .text          0x800173e0       0x6c /home/megazig/devkitpro/devkitPPC/bin/../lib/gcc/powerpc-gekko/4.2.4/crtend.o
 *(.text.*)
 .text.WiiResetPressed
                0x8001744c       0x10 main.o
                0x8001744c                WiiResetPressed
 .text.WiiPowerPressed
                0x8001745c       0x10 main.o
                0x8001745c                WiiPowerPressed
 .text.WiimotePowerPressed
                0x8001746c       0x10 main.o
                0x8001746c                WiimotePowerPressed
 .text.PrintPositioned
                0x8001747c       0x58 main.o
                0x8001747c                PrintPositioned
 .text.ClearText
                0x800174d4       0x2c main.o
                0x800174d4                ClearText
 .text.SetTextInfo
                0x80017500       0x74 main.o
                0x80017500                SetTextInfo
 .text.ShowProgramInfo
                0x80017574       0x74 main.o
                0x80017574                ShowProgramInfo
 .text.ExitToLoader
                0x800175e8       0x28 main.o
                0x800175e8                ExitToLoader
 .text.WaitForButtonPress
                0x80017610       0xe0 main.o
                0x80017610                WaitForButtonPress
 .text.Init     0x800176f0      0x154 main.o
                0x800176f0                Init
 .text.main     0x80017844      0x15c main.o
                0x80017844                main
 .text.__wpad_assign_slot
                0x800179a0      0x24c /home/megazig/devkitpro/libogc/lib/wii/libwiiuse.a(wpad.o)
                0x800179a0                __wpad_assign_slot
 .text.__wpad_disconnectCB
                0x80017bec      0x100 /home/megazig/devkitpro/libogc/lib/wii/libwiiuse.a(wpad.o)
                0x80017bec                __wpad_disconnectCB
 .text.WPAD_SetPowerButtonCallback
                0x80017cec       0x74 /home/megazig/devkitpro/libogc/lib/wii/libwiiuse.a(wpad.o)
                0x80017cec                WPAD_SetPowerButtonCallback
 .text.WPAD_ButtonsDown
                0x80017d60       0x28 /home/megazig/devkitpro/libogc/lib/wii/libwiiuse.a(wpad.o)
                0x80017d60                WPAD_ButtonsDown
 .text.__wpad_disconnect
                0x80017d88       0x58 /home/megazig/devkitpro/libogc/lib/wii/libwiiuse.a(wpad.o)
 .text.WPAD_Shutdown
                0x80017de0      0x11c /home/megazig/devkitpro/libogc/lib/wii/libwiiuse.a(wpad.o)
                0x80017de0                WPAD_Shutdown
 .text.__wpad_onreset
                0x80017efc       0x2c /home/megazig/devkitpro/libogc/lib/wii/libwiiuse.a(wpad.o)
 .text.__wpad_timeouthandler
                0x80017f28       0xb8 /home/megazig/devkitpro/libogc/lib/wii/libwiiuse.a(wpad.o)
 .text.__wpad_def_powcb
                0x80017fe0       0x20 /home/megazig/devkitpro/libogc/lib/wii/libwiiuse.a(wpad.o)
 .text.__wpad_setfmt
                0x80018000      0x110 /home/megazig/devkitpro/libogc/lib/wii/libwiiuse.a(wpad.o)
 .text.WPAD_ReadEvent
                0x80018110      0x680 /home/megazig/devkitpro/libogc/lib/wii/libwiiuse.a(wpad.o)
                0x80018110                WPAD_ReadEvent
 .text.WPAD_ReadPending
                0x80018790      0x16c /home/megazig/devkitpro/libogc/lib/wii/libwiiuse.a(wpad.o)
                0x80018790                WPAD_ReadPending
 .text.WPAD_ScanPads
                0x800188fc        0xc /home/megazig/devkitpro/libogc/lib/wii/libwiiuse.a(wpad.o)
                0x800188fc                WPAD_ScanPads
 .text.WPAD_Init
                0x80018908      0x2a4 /home/megazig/devkitpro/libogc/lib/wii/libwiiuse.a(wpad.o)
                0x80018908                WPAD_Init
 .text.__initcore_finished
                0x80018bac       0x40 /home/megazig/devkitpro/libogc/lib/wii/libwiiuse.a(wpad.o)
 .text.__readlinkkey_finished
                0x80018bec       0x38 /home/megazig/devkitpro/libogc/lib/wii/libwiiuse.a(wpad.o)
 .text.__wpad_patch_finished
                0x80018c24       0x2c /home/megazig/devkitpro/libogc/lib/wii/libwiiuse.a(wpad.o)
 .text.__wpad_init_finished
                0x80018c50      0x1d4 /home/megazig/devkitpro/libogc/lib/wii/libwiiuse.a(wpad.o)
 .text.__wpad_eventCB
                0x80018e24      0x9cc /home/megazig/devkitpro/libogc/lib/wii/libwiiuse.a(wpad.o)
 .text.motion_plus_event
                0x800197f0       0x64 /home/megazig/devkitpro/libogc/lib/wii/libwiiuse.a(motion_plus.o)
                0x800197f0                motion_plus_event
 .text.motion_plus_disconnected
                0x80019854       0x10 /home/megazig/devkitpro/libogc/lib/wii/libwiiuse.a(motion_plus.o)
                0x80019854                motion_plus_disconnected
 .text.calculate_gforce
                0x80019864       0xfc /home/megazig/devkitpro/libogc/lib/wii/libwiiuse.a(dynamics.o)
                0x80019864                calculate_gforce
 .text.calc_balanceboard_state
                0x80019960      0x380 /home/megazig/devkitpro/libogc/lib/wii/libwiiuse.a(dynamics.o)
                0x80019960                calc_balanceboard_state
 .text.apply_smoothing
                0x80019ce0      0x184 /home/megazig/devkitpro/libogc/lib/wii/libwiiuse.a(dynamics.o)
                0x80019ce0                apply_smoothing
 .text.calc_joystick_state
                0x80019e64      0x274 /home/megazig/devkitpro/libogc/lib/wii/libwiiuse.a(dynamics.o)
                0x80019e64                calc_joystick_state
 .text.calculate_orientation
                0x8001a0d8      0x2ec /home/megazig/devkitpro/libogc/lib/wii/libwiiuse.a(dynamics.o)
                0x8001a0d8                calculate_orientation
 .text.wiiuse_disable_expansion
                0x8001a3c4       0xf8 /home/megazig/devkitpro/libogc/lib/wii/libwiiuse.a(io.o)
                0x8001a3c4                wiiuse_disable_expansion
 .text.wiiuse_handshake_expansion
                0x8001a4bc      0x238 /home/megazig/devkitpro/libogc/lib/wii/libwiiuse.a(io.o)
                0x8001a4bc                wiiuse_handshake_expansion
 .text.wiiuse_handshake_expansion_start
                0x8001a6f4       0x24 /home/megazig/devkitpro/libogc/lib/wii/libwiiuse.a(io.o)
                0x8001a6f4                wiiuse_handshake_expansion_start
 .text.wiiuse_handshake
                0x8001a718      0x164 /home/megazig/devkitpro/libogc/lib/wii/libwiiuse.a(io.o)
                0x8001a718                wiiuse_handshake
 .text.wiiuse_io_write
                0x8001a87c       0x44 /home/megazig/devkitpro/libogc/lib/wii/libwiiuse.a(io_wii.o)
                0x8001a87c                wiiuse_io_write
 .text.__wiiuse_disconnected
                0x8001a8c0       0xb0 /home/megazig/devkitpro/libogc/lib/wii/libwiiuse.a(io_wii.o)
 .text.__wiiuse_sent
                0x8001a970       0xc4 /home/megazig/devkitpro/libogc/lib/wii/libwiiuse.a(io_wii.o)
 .text.wiiuse_init_cmd_queue
                0x8001aa34       0x4c /home/megazig/devkitpro/libogc/lib/wii/libwiiuse.a(io_wii.o)
                0x8001aa34                wiiuse_init_cmd_queue
 .text.wiiuse_disconnect
                0x8001aa80       0x40 /home/megazig/devkitpro/libogc/lib/wii/libwiiuse.a(io_wii.o)
                0x8001aa80                wiiuse_disconnect
 .text.wiiuse_register
                0x8001aac0       0xe4 /home/megazig/devkitpro/libogc/lib/wii/libwiiuse.a(io_wii.o)
                0x8001aac0                wiiuse_register
 .text.__wiiuse_connected
                0x8001aba4       0x9c /home/megazig/devkitpro/libogc/lib/wii/libwiiuse.a(io_wii.o)
 .text.__wiiuse_receive
                0x8001ac40       0xc8 /home/megazig/devkitpro/libogc/lib/wii/libwiiuse.a(io_wii.o)
 .text.__wiiuse_sensorbar_enable
                0x8001ad08       0x50 /home/megazig/devkitpro/libogc/lib/wii/libwiiuse.a(io_wii.o)
                0x8001ad08                __wiiuse_sensorbar_enable
 .text.get_ir_sens
                0x8001ad58       0xec /home/megazig/devkitpro/libogc/lib/wii/libwiiuse.a(ir.o)
 .text.wiiuse_set_ir_position
                0x8001ae44       0x80 /home/megazig/devkitpro/libogc/lib/wii/libwiiuse.a(ir.o)
                0x8001ae44                wiiuse_set_ir_position
 .text.wiiuse_set_aspect_ratio
                0x8001aec4       0x44 /home/megazig/devkitpro/libogc/lib/wii/libwiiuse.a(ir.o)
                0x8001aec4                wiiuse_set_aspect_ratio
 .text.calculate_basic_ir
                0x8001af08       0xf4 /home/megazig/devkitpro/libogc/lib/wii/libwiiuse.a(ir.o)
                0x8001af08                calculate_basic_ir
 .text.calculate_extended_ir
                0x8001affc       0x70 /home/megazig/devkitpro/libogc/lib/wii/libwiiuse.a(ir.o)
                0x8001affc                calculate_extended_ir
 .text.calc_yaw
                0x8001b06c       0x54 /home/megazig/devkitpro/libogc/lib/wii/libwiiuse.a(ir.o)
                0x8001b06c                calc_yaw
 .text.apply_ir_smoothing
                0x8001b0c0       0xf4 /home/megazig/devkitpro/libogc/lib/wii/libwiiuse.a(ir.o)
                0x8001b0c0                apply_ir_smoothing
 .text.rotate_dots
                0x8001b1b4      0x120 /home/megazig/devkitpro/libogc/lib/wii/libwiiuse.a(ir.o)
 .text.find_sensorbar
                0x8001b2d4      0x970 /home/megazig/devkitpro/libogc/lib/wii/libwiiuse.a(ir.o)
                0x8001b2d4                find_sensorbar
 .text.interpret_ir_data
                0x8001bc44      0x33c /home/megazig/devkitpro/libogc/lib/wii/libwiiuse.a(ir.o)
                0x8001bc44                interpret_ir_data
 .text.wiiuse_set_ir_sensitivity
                0x8001bf80      0x118 /home/megazig/devkitpro/libogc/lib/wii/libwiiuse.a(ir.o)
                0x8001bf80                wiiuse_set_ir_sensitivity
 .text.wiiuse_set_ir_mode
                0x8001c098       0x6c /home/megazig/devkitpro/libogc/lib/wii/libwiiuse.a(ir.o)
                0x8001c098                wiiuse_set_ir_mode
 .text.wiiuse_set_ir
                0x8001c104      0x21c /home/megazig/devkitpro/libogc/lib/wii/libwiiuse.a(ir.o)
                0x8001c104                wiiuse_set_ir
 .text.nunchuk_event
                0x8001c320       0xf0 /home/megazig/devkitpro/libogc/lib/wii/libwiiuse.a(nunchuk.o)
                0x8001c320                nunchuk_event
 .text.nunchuk_disconnected
                0x8001c410       0x28 /home/megazig/devkitpro/libogc/lib/wii/libwiiuse.a(nunchuk.o)
                0x8001c410                nunchuk_disconnected
 .text.nunchuk_handshake
                0x8001c438      0x214 /home/megazig/devkitpro/libogc/lib/wii/libwiiuse.a(nunchuk.o)
                0x8001c438                nunchuk_handshake
 .text.wii_board_event
                0x8001c64c       0x54 /home/megazig/devkitpro/libogc/lib/wii/libwiiuse.a(wiiboard.o)
                0x8001c64c                wii_board_event
 .text.wii_board_disconnected
                0x8001c6a0       0x28 /home/megazig/devkitpro/libogc/lib/wii/libwiiuse.a(wiiboard.o)
                0x8001c6a0                wii_board_disconnected
 .text.wii_board_handshake
                0x8001c6c8      0x174 /home/megazig/devkitpro/libogc/lib/wii/libwiiuse.a(wiiboard.o)
                0x8001c6c8                wii_board_handshake
 .text.wiiuse_set_flags
                0x8001c83c       0x20 /home/megazig/devkitpro/libogc/lib/wii/libwiiuse.a(wiiuse.o)
                0x8001c83c                wiiuse_set_flags
 .text.wiiuse_send_next_command
                0x8001c85c       0x6c /home/megazig/devkitpro/libogc/lib/wii/libwiiuse.a(wiiuse.o)
                0x8001c85c                wiiuse_send_next_command
 .text.wiiuse_write_data
                0x8001c8c8      0x184 /home/megazig/devkitpro/libogc/lib/wii/libwiiuse.a(wiiuse.o)
                0x8001c8c8                wiiuse_write_data
 .text.wiiuse_init
                0x8001ca4c      0x164 /home/megazig/devkitpro/libogc/lib/wii/libwiiuse.a(wiiuse.o)
                0x8001ca4c                wiiuse_init
 .text.wiiuse_sendcmd
                0x8001cbb0      0x10c /home/megazig/devkitpro/libogc/lib/wii/libwiiuse.a(wiiuse.o)
                0x8001cbb0                wiiuse_sendcmd
 .text.wiiuse_status
                0x8001ccbc       0x5c /home/megazig/devkitpro/libogc/lib/wii/libwiiuse.a(wiiuse.o)
                0x8001ccbc                wiiuse_status
 .text.wiiuse_motion_sensing
                0x8001cd18       0x54 /home/megazig/devkitpro/libogc/lib/wii/libwiiuse.a(wiiuse.o)
                0x8001cd18                wiiuse_motion_sensing
 .text.wiiuse_set_report_type
                0x8001cd6c      0x100 /home/megazig/devkitpro/libogc/lib/wii/libwiiuse.a(wiiuse.o)
                0x8001cd6c                wiiuse_set_report_type
 .text.wiiuse_set_leds
                0x8001ce6c       0x60 /home/megazig/devkitpro/libogc/lib/wii/libwiiuse.a(wiiuse.o)
                0x8001ce6c                wiiuse_set_leds
 .text.wiiuse_read_data
                0x8001cecc      0x144 /home/megazig/devkitpro/libogc/lib/wii/libwiiuse.a(wiiuse.o)
                0x8001cecc                wiiuse_read_data
 .text.wiiuse_set_speaker
                0x8001d010      0x2a4 /home/megazig/devkitpro/libogc/lib/wii/libwiiuse.a(speaker.o)
                0x8001d010                wiiuse_set_speaker
 .text.classic_ctrl_event
                0x8001d2b4       0xa4 /home/megazig/devkitpro/libogc/lib/wii/libwiiuse.a(classic.o)
                0x8001d2b4                classic_ctrl_event
 .text.classic_ctrl_disconnected
                0x8001d358       0x28 /home/megazig/devkitpro/libogc/lib/wii/libwiiuse.a(classic.o)
                0x8001d358                classic_ctrl_disconnected
 .text.classic_ctrl_handshake
                0x8001d380      0x128 /home/megazig/devkitpro/libogc/lib/wii/libwiiuse.a(classic.o)
                0x8001d380                classic_ctrl_handshake
 .text.wiiuse_pressed_buttons
                0x8001d4a8       0x2c /home/megazig/devkitpro/libogc/lib/wii/libwiiuse.a(events.o)
                0x8001d4a8                wiiuse_pressed_buttons
 .text.handle_expansion
                0x8001d4d4       0xac /home/megazig/devkitpro/libogc/lib/wii/libwiiuse.a(events.o)
 .text.parse_event
                0x8001d580      0x56c /home/megazig/devkitpro/libogc/lib/wii/libwiiuse.a(events.o)
                0x8001d580                parse_event
 .text.guitar_hero_3_handshake
                0x8001daec       0x68 /home/megazig/devkitpro/libogc/lib/wii/libwiiuse.a(guitar_hero_3.o)
                0x8001daec                guitar_hero_3_handshake
 .text.guitar_hero_3_event
                0x8001db54       0x68 /home/megazig/devkitpro/libogc/lib/wii/libwiiuse.a(guitar_hero_3.o)
                0x8001db54                guitar_hero_3_event
 .text.guitar_hero_3_disconnected
                0x8001dbbc       0x28 /home/megazig/devkitpro/libogc/lib/wii/libwiiuse.a(guitar_hero_3.o)
                0x8001dbbc                guitar_hero_3_disconnected
 .text.dbgprintf
                0x8001dbe4       0x60 /home/megazig/devkitpro/libogc/lib/wii/libelm.a(libelm.o)
                0x8001dbe4                dbgprintf
 .text.dbgsleep
                0x8001dc44       0x20 /home/megazig/devkitpro/libogc/lib/wii/libelm.a(libelm.o)
                0x8001dc44                dbgsleep
 .text.ELM_Mount
                0x8001dc64      0x230 /home/megazig/devkitpro/libogc/lib/wii/libelm.a(libelm.o)
                0x8001dc64                ELM_Mount
 .text.ELM_UnmountDevice
                0x8001de94      0x11c /home/megazig/devkitpro/libogc/lib/wii/libelm.a(libelm.o)
                0x8001de94                ELM_UnmountDevice
 .text.ELM_Unmount
                0x8001dfb0       0x80 /home/megazig/devkitpro/libogc/lib/wii/libelm.a(libelm.o)
                0x8001dfb0                ELM_Unmount
 .text.ELM_GetError
                0x8001e030       0x28 /home/megazig/devkitpro/libogc/lib/wii/libelm.a(libelm.o)
                0x8001e030                ELM_GetError
 .text._ELM_realpath
                0x8001e058      0x134 /home/megazig/devkitpro/libogc/lib/wii/libelm.a(libelm.o)
 .text.ConvertPathPart
                0x8001e18c      0x1d4 /home/megazig/devkitpro/libogc/lib/wii/libelm.a(libelm.o)
 .text._ELM_errnoparse
                0x8001e360      0x144 /home/megazig/devkitpro/libogc/lib/wii/libelm.a(libelm.o)
 .text._ELM_open_r
                0x8001e4a4      0x2a0 /home/megazig/devkitpro/libogc/lib/wii/libelm.a(libelm.o)
                0x8001e4a4                _ELM_open_r
 .text._ELM_close_r
                0x8001e744       0x68 /home/megazig/devkitpro/libogc/lib/wii/libelm.a(libelm.o)
                0x8001e744                _ELM_close_r
 .text._ELM_write_r
                0x8001e7ac       0x84 /home/megazig/devkitpro/libogc/lib/wii/libelm.a(libelm.o)
                0x8001e7ac                _ELM_write_r
 .text._ELM_read_r
                0x8001e830       0x84 /home/megazig/devkitpro/libogc/lib/wii/libelm.a(libelm.o)
                0x8001e830                _ELM_read_r
 .text._ELM_seek_r
                0x8001e8b4       0xf4 /home/megazig/devkitpro/libogc/lib/wii/libelm.a(libelm.o)
                0x8001e8b4                _ELM_seek_r
 .text._ELM_fstat_r
                0x8001e9a8       0x60 /home/megazig/devkitpro/libogc/lib/wii/libelm.a(libelm.o)
                0x8001e9a8                _ELM_fstat_r
 .text._ELM_filetime_to_time
                0x8001ea08       0xe0 /home/megazig/devkitpro/libogc/lib/wii/libelm.a(libelm.o)
 .text._ELM_fileinfo_to_stat
                0x8001eae8      0x160 /home/megazig/devkitpro/libogc/lib/wii/libelm.a(libelm.o)
 .text._ELM_disk_to_stat
                0x8001ec48       0xdc /home/megazig/devkitpro/libogc/lib/wii/libelm.a(libelm.o)
 .text.isdrivenum
                0x8001ed24       0x7c /home/megazig/devkitpro/libogc/lib/wii/libelm.a(libelm.o)
 .text._ELM_stat_r
                0x8001eda0      0x1e4 /home/megazig/devkitpro/libogc/lib/wii/libelm.a(libelm.o)
                0x8001eda0                _ELM_stat_r
 .text._ELM_link_r
                0x8001ef84       0x3c /home/megazig/devkitpro/libogc/lib/wii/libelm.a(libelm.o)
                0x8001ef84                _ELM_link_r
 .text._ELM_unlink_r
                0x8001efc0       0xc0 /home/megazig/devkitpro/libogc/lib/wii/libelm.a(libelm.o)
                0x8001efc0                _ELM_unlink_r
 .text._ELM_chdir_r
                0x8001f080       0xc0 /home/megazig/devkitpro/libogc/lib/wii/libelm.a(libelm.o)
                0x8001f080                _ELM_chdir_r
 .text._ELM_rename_r
                0x8001f140      0x120 /home/megazig/devkitpro/libogc/lib/wii/libelm.a(libelm.o)
                0x8001f140                _ELM_rename_r
 .text._ELM_mkdir_r
                0x8001f260       0xc4 /home/megazig/devkitpro/libogc/lib/wii/libelm.a(libelm.o)
                0x8001f260                _ELM_mkdir_r
 .text._ELM_diropen_r
                0x8001f324      0x1a4 /home/megazig/devkitpro/libogc/lib/wii/libelm.a(libelm.o)
                0x8001f324                _ELM_diropen_r
 .text._ELM_dirreset_r
                0x8001f4c8       0x74 /home/megazig/devkitpro/libogc/lib/wii/libelm.a(libelm.o)
                0x8001f4c8                _ELM_dirreset_r
 .text._ELM_dirnext_r
                0x8001f53c      0x184 /home/megazig/devkitpro/libogc/lib/wii/libelm.a(libelm.o)
                0x8001f53c                _ELM_dirnext_r
 .text._ELM_dirclose_r
                0x8001f6c0       0x48 /home/megazig/devkitpro/libogc/lib/wii/libelm.a(libelm.o)
                0x8001f6c0                _ELM_dirclose_r
 .text._ELM_statvfs_r
                0x8001f708       0x3c /home/megazig/devkitpro/libogc/lib/wii/libelm.a(libelm.o)
                0x8001f708                _ELM_statvfs_r
 .text._ELM_ftruncate_r
                0x8001f744      0x154 /home/megazig/devkitpro/libogc/lib/wii/libelm.a(libelm.o)
                0x8001f744                _ELM_ftruncate_r
 .text._ELM_fsync_r
                0x8001f898       0x64 /home/megazig/devkitpro/libogc/lib/wii/libelm.a(libelm.o)
                0x8001f898                _ELM_fsync_r
 .text.mem_cpy  0x8001f8fc       0x84 /home/megazig/devkitpro/libogc/lib/wii/libelm.a(ff.o)
 .text.mem_set  0x8001f980       0x6c /home/megazig/devkitpro/libogc/lib/wii/libelm.a(ff.o)
 .text.mem_cmp  0x8001f9ec       0xbc /home/megazig/devkitpro/libogc/lib/wii/libelm.a(ff.o)
 .text.chk_chr  0x8001faa8       0x74 /home/megazig/devkitpro/libogc/lib/wii/libelm.a(ff.o)
 .text.lock_fs  0x8001fb1c       0x48 /home/megazig/devkitpro/libogc/lib/wii/libelm.a(ff.o)
 .text.unlock_fs
                0x8001fb64       0x74 /home/megazig/devkitpro/libogc/lib/wii/libelm.a(ff.o)
 .text.move_window
                0x8001fbd8      0x1a0 /home/megazig/devkitpro/libogc/lib/wii/libelm.a(ff.o)
 .text.sync     0x8001fd78      0x2d8 /home/megazig/devkitpro/libogc/lib/wii/libelm.a(ff.o)
 .text.get_fat  0x80020050      0x328 /home/megazig/devkitpro/libogc/lib/wii/libelm.a(ff.o)
 .text.put_fat  0x80020378      0x3f0 /home/megazig/devkitpro/libogc/lib/wii/libelm.a(ff.o)
 .text.remove_chain
                0x80020768      0x13c /home/megazig/devkitpro/libogc/lib/wii/libelm.a(ff.o)
 .text.create_chain
                0x800208a4      0x22c /home/megazig/devkitpro/libogc/lib/wii/libelm.a(ff.o)
 .text.clust2sect
                0x80020ad0       0x84 /home/megazig/devkitpro/libogc/lib/wii/libelm.a(ff.o)
 .text.dir_seek
                0x80020b54      0x248 /home/megazig/devkitpro/libogc/lib/wii/libelm.a(ff.o)
 .text.dir_next
                0x80020d9c      0x398 /home/megazig/devkitpro/libogc/lib/wii/libelm.a(ff.o)
 .text.cmp_lfn  0x80021134      0x168 /home/megazig/devkitpro/libogc/lib/wii/libelm.a(ff.o)
 .text.pick_lfn
                0x8002129c      0x174 /home/megazig/devkitpro/libogc/lib/wii/libelm.a(ff.o)
 .text.fit_lfn  0x80021410      0x1d4 /home/megazig/devkitpro/libogc/lib/wii/libelm.a(ff.o)
 .text.gen_numname
                0x800215e4      0x204 /home/megazig/devkitpro/libogc/lib/wii/libelm.a(ff.o)
                0x800215e4                gen_numname
 .text.sum_sfn  0x800217e8       0x94 /home/megazig/devkitpro/libogc/lib/wii/libelm.a(ff.o)
 .text.dir_find
                0x8002187c      0x300 /home/megazig/devkitpro/libogc/lib/wii/libelm.a(ff.o)
 .text.dir_read
                0x80021b7c      0x278 /home/megazig/devkitpro/libogc/lib/wii/libelm.a(ff.o)
 .text.dir_register
                0x80021df4      0x4c4 /home/megazig/devkitpro/libogc/lib/wii/libelm.a(ff.o)
 .text.dir_remove
                0x800222b8      0x140 /home/megazig/devkitpro/libogc/lib/wii/libelm.a(ff.o)
 .text.create_name
                0x800223f8      0x770 /home/megazig/devkitpro/libogc/lib/wii/libelm.a(ff.o)
 .text.get_fileinfo
                0x80022b68      0x3b8 /home/megazig/devkitpro/libogc/lib/wii/libelm.a(ff.o)
 .text.follow_path
                0x80022f20      0x210 /home/megazig/devkitpro/libogc/lib/wii/libelm.a(ff.o)
 .text.check_fs
                0x80023130      0x15c /home/megazig/devkitpro/libogc/lib/wii/libelm.a(ff.o)
 .text.auto_mount
                0x8002328c      0xa8c /home/megazig/devkitpro/libogc/lib/wii/libelm.a(ff.o)
 .text.validate
                0x80023d18       0xe4 /home/megazig/devkitpro/libogc/lib/wii/libelm.a(ff.o)
 .text.f_mount  0x80023dfc      0x1ac /home/megazig/devkitpro/libogc/lib/wii/libelm.a(ff.o)
                0x80023dfc                f_mount
 .text.f_open   0x80023fa8      0x684 /home/megazig/devkitpro/libogc/lib/wii/libelm.a(ff.o)
                0x80023fa8                f_open
 .text.f_read   0x8002462c      0x60c /home/megazig/devkitpro/libogc/lib/wii/libelm.a(ff.o)
                0x8002462c                f_read
 .text.f_write  0x80024c38      0x78c /home/megazig/devkitpro/libogc/lib/wii/libelm.a(ff.o)
                0x80024c38                f_write
 .text.f_sync   0x800253c4      0x29c /home/megazig/devkitpro/libogc/lib/wii/libelm.a(ff.o)
                0x800253c4                f_sync
 .text.f_close  0x80025660       0x70 /home/megazig/devkitpro/libogc/lib/wii/libelm.a(ff.o)
                0x80025660                f_close
 .text.f_chdir  0x800256d0      0x18c /home/megazig/devkitpro/libogc/lib/wii/libelm.a(ff.o)
                0x800256d0                f_chdir
 .text.f_lseek  0x8002585c      0x58c /home/megazig/devkitpro/libogc/lib/wii/libelm.a(ff.o)
                0x8002585c                f_lseek
 .text.f_opendir
                0x80025de8      0x1dc /home/megazig/devkitpro/libogc/lib/wii/libelm.a(ff.o)
                0x80025de8                f_opendir
 .text.f_readdir
                0x80025fc4      0x144 /home/megazig/devkitpro/libogc/lib/wii/libelm.a(ff.o)
                0x80025fc4                f_readdir
 .text.f_stat   0x80026108       0xe0 /home/megazig/devkitpro/libogc/lib/wii/libelm.a(ff.o)
                0x80026108                f_stat
 .text.f_truncate
                0x800261e8      0x29c /home/megazig/devkitpro/libogc/lib/wii/libelm.a(ff.o)
                0x800261e8                f_truncate
 .text.f_unlink
                0x80026484      0x35c /home/megazig/devkitpro/libogc/lib/wii/libelm.a(ff.o)
                0x80026484                f_unlink
 .text.f_mkdir  0x800267e0      0x5dc /home/megazig/devkitpro/libogc/lib/wii/libelm.a(ff.o)
                0x800267e0                f_mkdir
 .text.f_rename
                0x80026dbc      0x420 /home/megazig/devkitpro/libogc/lib/wii/libelm.a(ff.o)
                0x80026dbc                f_rename
 .text.ff_cre_syncobj
                0x800271dc       0x7c /home/megazig/devkitpro/libogc/lib/wii/libelm.a(syncobj.o)
                0x800271dc                ff_cre_syncobj
 .text.ff_del_syncobj
                0x80027258       0x48 /home/megazig/devkitpro/libogc/lib/wii/libelm.a(syncobj.o)
                0x80027258                ff_del_syncobj
 .text.ff_req_grant
                0x800272a0       0x94 /home/megazig/devkitpro/libogc/lib/wii/libelm.a(syncobj.o)
                0x800272a0                ff_req_grant
 .text.ff_rel_grant
                0x80027334       0x38 /home/megazig/devkitpro/libogc/lib/wii/libelm.a(syncobj.o)
                0x80027334                ff_rel_grant
 .text.ff_convert
                0x8002736c      0x118 /home/megazig/devkitpro/libogc/lib/wii/libelm.a(unicode.o)
                0x8002736c                ff_convert
 .text.ff_wtoupper
                0x80027484       0xe8 /home/megazig/devkitpro/libogc/lib/wii/libelm.a(unicode.o)
                0x80027484                ff_wtoupper
 .text.get_resluts
                0x8002756c       0xbc /home/megazig/devkitpro/libogc/lib/wii/libelm.a(wiidiskio.o)
                0x8002756c                get_resluts
 .text.get_satts
                0x80027628       0x84 /home/megazig/devkitpro/libogc/lib/wii/libelm.a(wiidiskio.o)
                0x80027628                get_satts
 .text.disk_initialize
                0x800276ac       0xd8 /home/megazig/devkitpro/libogc/lib/wii/libelm.a(wiidiskio.o)
                0x800276ac                disk_initialize
 .text.SD_disk_initialize
                0x80027784       0xb8 /home/megazig/devkitpro/libogc/lib/wii/libelm.a(wiidiskio.o)
                0x80027784                SD_disk_initialize
 .text.USB_disk_initialize
                0x8002783c       0x70 /home/megazig/devkitpro/libogc/lib/wii/libelm.a(wiidiskio.o)
                0x8002783c                USB_disk_initialize
 .text.GCM_disk_initialize
                0x800278ac       0x80 /home/megazig/devkitpro/libogc/lib/wii/libelm.a(wiidiskio.o)
                0x800278ac                GCM_disk_initialize
 .text.disk_status
                0x8002792c       0xd8 /home/megazig/devkitpro/libogc/lib/wii/libelm.a(wiidiskio.o)
                0x8002792c                disk_status
 .text.SD_disk_status
                0x80027a04       0x68 /home/megazig/devkitpro/libogc/lib/wii/libelm.a(wiidiskio.o)
                0x80027a04                SD_disk_status
 .text.USB_disk_status
                0x80027a6c       0x68 /home/megazig/devkitpro/libogc/lib/wii/libelm.a(wiidiskio.o)
                0x80027a6c                USB_disk_status
 .text.GCM_disk_status
                0x80027ad4       0x64 /home/megazig/devkitpro/libogc/lib/wii/libelm.a(wiidiskio.o)
                0x80027ad4                GCM_disk_status
 .text.disk_read
                0x80027b38      0x120 /home/megazig/devkitpro/libogc/lib/wii/libelm.a(wiidiskio.o)
                0x80027b38                disk_read
 .text.SD_disk_read
                0x80027c58       0x94 /home/megazig/devkitpro/libogc/lib/wii/libelm.a(wiidiskio.o)
                0x80027c58                SD_disk_read
 .text.USB_disk_read
                0x80027cec       0x94 /home/megazig/devkitpro/libogc/lib/wii/libelm.a(wiidiskio.o)
                0x80027cec                USB_disk_read
 .text.GCM_disk_read
                0x80027d80       0x8c /home/megazig/devkitpro/libogc/lib/wii/libelm.a(wiidiskio.o)
                0x80027d80                GCM_disk_read
 .text.disk_write
                0x80027e0c      0x120 /home/megazig/devkitpro/libogc/lib/wii/libelm.a(wiidiskio.o)
                0x80027e0c                disk_write
 .text.SD_disk_write
                0x80027f2c       0xd0 /home/megazig/devkitpro/libogc/lib/wii/libelm.a(wiidiskio.o)
                0x80027f2c                SD_disk_write
 .text.USB_disk_write
                0x80027ffc       0x94 /home/megazig/devkitpro/libogc/lib/wii/libelm.a(wiidiskio.o)
                0x80027ffc                USB_disk_write
 .text.GCM_disk_write
                0x80028090       0x8c /home/megazig/devkitpro/libogc/lib/wii/libelm.a(wiidiskio.o)
                0x80028090                GCM_disk_write
 .text.disk_ioctl
                0x8002811c      0x11c /home/megazig/devkitpro/libogc/lib/wii/libelm.a(wiidiskio.o)
                0x8002811c                disk_ioctl
 .text.SD_disk_ioctl
                0x80028238       0x30 /home/megazig/devkitpro/libogc/lib/wii/libelm.a(wiidiskio.o)
                0x80028238                SD_disk_ioctl
 .text.USB_disk_ioctl
                0x80028268       0x30 /home/megazig/devkitpro/libogc/lib/wii/libelm.a(wiidiskio.o)
                0x80028268                USB_disk_ioctl
 .text.GCM_disk_ioctl
                0x80028298       0x34 /home/megazig/devkitpro/libogc/lib/wii/libelm.a(wiidiskio.o)
                0x80028298                GCM_disk_ioctl
 .text.get_fattime
                0x800282cc       0xfc /home/megazig/devkitpro/libogc/lib/wii/libelm.a(wiidiskio.o)
                0x800282cc                get_fattime
 .text.bte_arg  0x800283c8       0x38 /home/megazig/devkitpro/libogc/lib/wii/libbte.a(bte.o)
                0x800283c8                bte_arg
 .text.bte_received
                0x80028400       0x38 /home/megazig/devkitpro/libogc/lib/wii/libbte.a(bte.o)
                0x80028400                bte_received
 .text.bte_disconnected
                0x80028438       0x38 /home/megazig/devkitpro/libogc/lib/wii/libbte.a(bte.o)
                0x80028438                bte_disconnected
 .text.acl_wlp_completed
                0x80028470        0x8 /home/megazig/devkitpro/libogc/lib/wii/libbte.a(bte.o)
                0x80028470                acl_wlp_completed
 .text.l2cap_accepted
                0x80028478      0x10c /home/megazig/devkitpro/libogc/lib/wii/libbte.a(bte.o)
                0x80028478                l2cap_accepted
 .text.l2cap_disconnected_ind
                0x80028584      0x174 /home/megazig/devkitpro/libogc/lib/wii/libbte.a(bte.o)
                0x80028584                l2cap_disconnected_ind
 .text.__bte_send_pending_request
                0x800286f8       0xdc /home/megazig/devkitpro/libogc/lib/wii/libbte.a(bte.o)
 .text.bte_process_input
                0x800287d4      0x130 /home/megazig/devkitpro/libogc/lib/wii/libbte.a(bte.o)
 .text.__bte_send_request
                0x80028904       0xa4 /home/megazig/devkitpro/libogc/lib/wii/libbte.a(bte.o)
 .text.bte_disconnect
                0x800289a8       0xb4 /home/megazig/devkitpro/libogc/lib/wii/libbte.a(bte.o)
                0x800289a8                bte_disconnect
 .text.acl_conn_complete
                0x80028a5c       0x2c /home/megazig/devkitpro/libogc/lib/wii/libbte.a(bte.o)
                0x80028a5c                acl_conn_complete
 .text.bte_sendmessageasync
                0x80028a88      0x138 /home/megazig/devkitpro/libogc/lib/wii/libbte.a(bte.o)
                0x80028a88                bte_sendmessageasync
 .text.bte_registerdeviceasync
                0x80028bc0      0x1c0 /home/megazig/devkitpro/libogc/lib/wii/libbte.a(bte.o)
                0x80028bc0                bte_registerdeviceasync
 .text.bte_new  0x80028d80       0x60 /home/megazig/devkitpro/libogc/lib/wii/libbte.a(bte.o)
                0x80028d80                bte_new
 .text.BTE_SetDisconnectCallback
                0x80028de0       0x20 /home/megazig/devkitpro/libogc/lib/wii/libbte.a(bte.o)
                0x80028de0                BTE_SetDisconnectCallback
 .text.BTE_InitSub
                0x80028e00       0x94 /home/megazig/devkitpro/libogc/lib/wii/libbte.a(bte.o)
                0x80028e00                BTE_InitSub
 .text.BTE_ApplyPatch
                0x80028e94       0xa8 /home/megazig/devkitpro/libogc/lib/wii/libbte.a(bte.o)
                0x80028e94                BTE_ApplyPatch
 .text.BTE_InitCore
                0x80028f3c       0x90 /home/megazig/devkitpro/libogc/lib/wii/libbte.a(bte.o)
                0x80028f3c                BTE_InitCore
 .text.BTE_ReadStoredLinkKey
                0x80028fcc       0x94 /home/megazig/devkitpro/libogc/lib/wii/libbte.a(bte.o)
                0x80028fcc                BTE_ReadStoredLinkKey
 .text.BTE_Shutdown
                0x80029060      0x114 /home/megazig/devkitpro/libogc/lib/wii/libbte.a(bte.o)
                0x80029060                BTE_Shutdown
 .text.__bte_shutdown_finished
                0x80029174      0x118 /home/megazig/devkitpro/libogc/lib/wii/libbte.a(bte.o)
 .text.BTE_Init
                0x8002928c      0x138 /home/megazig/devkitpro/libogc/lib/wii/libbte.a(bte.o)
                0x8002928c                BTE_Init
 .text.bt_alarmhandler
                0x800293c4       0x60 /home/megazig/devkitpro/libogc/lib/wii/libbte.a(bte.o)
 .text.l2cap_disconnect_cfm
                0x80029424      0x1ac /home/megazig/devkitpro/libogc/lib/wii/libbte.a(bte.o)
                0x80029424                l2cap_disconnect_cfm
 .text.bte_hci_initsub_complete
                0x800295d0      0x230 /home/megazig/devkitpro/libogc/lib/wii/libbte.a(bte.o)
                0x800295d0                bte_hci_initsub_complete
 .text.bte_hci_patch_complete
                0x80029800      0x2b8 /home/megazig/devkitpro/libogc/lib/wii/libbte.a(bte.o)
                0x80029800                bte_hci_patch_complete
 .text.bte_hci_apply_patch_complete
                0x80029ab8      0x15c /home/megazig/devkitpro/libogc/lib/wii/libbte.a(bte.o)
                0x80029ab8                bte_hci_apply_patch_complete
 .text.bte_hci_initcore_complete
                0x80029c14      0x208 /home/megazig/devkitpro/libogc/lib/wii/libbte.a(bte.o)
                0x80029c14                bte_hci_initcore_complete
 .text.bte_hci_initcore_complete2
                0x80029e1c      0x1e4 /home/megazig/devkitpro/libogc/lib/wii/libbte.a(bte.o)
                0x80029e1c                bte_hci_initcore_complete2
 .text.bte_read_stored_link_key_complete
                0x8002a000      0x264 /home/megazig/devkitpro/libogc/lib/wii/libbte.a(bte.o)
                0x8002a000                bte_read_stored_link_key_complete
 .text.hci_get_link
                0x8002a264       0x88 /home/megazig/devkitpro/libogc/lib/wii/libbte.a(hci.o)
                0x8002a264                hci_get_link
 .text.hci_arg  0x8002a2ec       0x10 /home/megazig/devkitpro/libogc/lib/wii/libbte.a(hci.o)
                0x8002a2ec                hci_arg
 .text.hci_cmd_complete
                0x8002a2fc       0x10 /home/megazig/devkitpro/libogc/lib/wii/libbte.a(hci.o)
                0x8002a2fc                hci_cmd_complete
 .text.hci_connection_complete
                0x8002a30c       0x10 /home/megazig/devkitpro/libogc/lib/wii/libbte.a(hci.o)
                0x8002a30c                hci_connection_complete
 .text.hci_wlp_complete
                0x8002a31c       0x10 /home/megazig/devkitpro/libogc/lib/wii/libbte.a(hci.o)
                0x8002a31c                hci_wlp_complete
 .text.hci_cmd_ass
                0x8002a32c       0x4c /home/megazig/devkitpro/libogc/lib/wii/libbte.a(hci.o)
                0x8002a32c                hci_cmd_ass
 .text.lp_pdu_maxsize
                0x8002a378       0x10 /home/megazig/devkitpro/libogc/lib/wii/libbte.a(hci.o)
                0x8002a378                lp_pdu_maxsize
 .text.hci_host_num_comp_packets
                0x8002a388       0xcc /home/megazig/devkitpro/libogc/lib/wii/libbte.a(hci.o)
                0x8002a388                hci_host_num_comp_packets
 .text.hci_write_cod
                0x8002a454       0x8c /home/megazig/devkitpro/libogc/lib/wii/libbte.a(hci.o)
                0x8002a454                hci_write_cod
 .text.hci_disconnect
                0x8002a4e0       0xb8 /home/megazig/devkitpro/libogc/lib/wii/libbte.a(hci.o)
                0x8002a4e0                hci_disconnect
 .text.hci_pin_code_request_neg_reply
                0x8002a598       0x8c /home/megazig/devkitpro/libogc/lib/wii/libbte.a(hci.o)
                0x8002a598                hci_pin_code_request_neg_reply
 .text.hci_vendor_specific_command
                0x8002a624       0xb8 /home/megazig/devkitpro/libogc/lib/wii/libbte.a(hci.o)
                0x8002a624                hci_vendor_specific_command
 .text.hci_write_inquiry_scan_type
                0x8002a6dc       0x80 /home/megazig/devkitpro/libogc/lib/wii/libbte.a(hci.o)
                0x8002a6dc                hci_write_inquiry_scan_type
 .text.hci_write_page_scan_type
                0x8002a75c       0x80 /home/megazig/devkitpro/libogc/lib/wii/libbte.a(hci.o)
                0x8002a75c                hci_write_page_scan_type
 .text.hci_write_inquiry_mode
                0x8002a7dc       0x80 /home/megazig/devkitpro/libogc/lib/wii/libbte.a(hci.o)
                0x8002a7dc                hci_write_inquiry_mode
 .text.hci_write_pin_type